Archive member included because of file (symbol)

/home/victor/workspace/eclipse_arduino/arduinoCore/Release/libarduinoCore.a(malloc.o)
                              ./File.o (malloc)
/home/victor/workspace/eclipse_arduino/arduinoCore/Release/libarduinoCore.a(HardwareSerial.o)
                              ./SdFile.o (_ZN14HardwareSerial5writeEh)
/home/victor/workspace/eclipse_arduino/arduinoCore/Release/libarduinoCore.a(IPAddress.o)
                              ./Dhcp.o (_ZTV9IPAddress)
/home/victor/workspace/eclipse_arduino/arduinoCore/Release/libarduinoCore.a(Print.o)
                              ./EthernetClient.o (_ZN5Print5writeEPKhj)
/home/victor/workspace/eclipse_arduino/arduinoCore/Release/libarduinoCore.a(WMath.o)
                              ./Dhcp.o (_Z6randomll)
/home/victor/workspace/eclipse_arduino/arduinoCore/Release/libarduinoCore.a(WString.o)
                              /home/victor/workspace/eclipse_arduino/arduinoCore/Release/libarduinoCore.a(Print.o) (_ZNK6StringixEj)
/home/victor/workspace/eclipse_arduino/arduinoCore/Release/libarduinoCore.a(new.o)
                              ./Ethernet.o (__cxa_guard_acquire)
/home/victor/workspace/eclipse_arduino/arduinoCore/Release/libarduinoCore.a(wiring.o)
                              ./Dhcp.o (millis)
/home/victor/workspace/eclipse_arduino/arduinoCore/Release/libarduinoCore.a(wiring_digital.o)
                              ./SPI.o (pinMode)
/home/victor/workspace/eclipse_arduino/arduinoCore/Release/libarduinoCore.a(realloc.o)
                              /home/victor/workspace/eclipse_arduino/arduinoCore/Release/libarduinoCore.a(WString.o) (realloc)
/usr/lib/gcc/avr/4.7.2/avr5/libgcc.a(_muluhisi3.o)
                              ./SdVolume.o (__muluhisi3)
/usr/lib/gcc/avr/4.7.2/avr5/libgcc.a(_mulshisi3.o)
                              ./TinyGPS.o (__mulshisi3)
/usr/lib/gcc/avr/4.7.2/avr5/libgcc.a(_mulsi3.o)
                              ./TinyGPS.o (__mulsi3)
/usr/lib/gcc/avr/4.7.2/avr5/libgcc.a(_udivmodqi4.o)
                              ./SdFile.o (__udivmodqi4)
/usr/lib/gcc/avr/4.7.2/avr5/libgcc.a(_divmodhi4.o)
                              ./SoftwareSerial.o (__divmodhi4)
/usr/lib/gcc/avr/4.7.2/avr5/libgcc.a(_udivmodsi4.o)
                              ./Dhcp.o (__udivmodsi4)
/usr/lib/gcc/avr/4.7.2/avr5/libgcc.a(_divmodsi4.o)
                              ./Dhcp.o (__divmodsi4)
/usr/lib/gcc/avr/4.7.2/avr5/libgcc.a(_exit.o)
                              /usr/lib/gcc/avr/4.7.2/../../../avr/lib/avr5/crtm328p.o (exit)
/usr/lib/gcc/avr/4.7.2/avr5/libgcc.a(_tablejump.o)
                              ./TinyGPS.o (__tablejump2__)
/usr/lib/gcc/avr/4.7.2/avr5/libgcc.a(_copy_data.o)
                              ./Dhcp.o (__do_copy_data)
/usr/lib/gcc/avr/4.7.2/avr5/libgcc.a(_clear_bss.o)
                              ./Dhcp.o (__do_clear_bss)
/usr/lib/gcc/avr/4.7.2/avr5/libgcc.a(_ctors.o)
                              ./Dhcp.o (__do_global_ctors)
/usr/lib/gcc/avr/4.7.2/avr5/libgcc.a(_bswapsi2.o)
                              ./Dhcp.o (__bswapsi2)
/usr/lib/gcc/avr/4.7.2/avr5/libgcc.a(_fixunssfsi.o)
                              /home/victor/workspace/eclipse_arduino/arduinoCore/Release/libarduinoCore.a(Print.o) (__fixunssfsi)
/usr/lib/gcc/avr/4.7.2/avr5/libgcc.a(_addsub_sf.o)
                              ./TinyGPS.o (__addsf3)
/usr/lib/gcc/avr/4.7.2/avr5/libgcc.a(_mul_sf.o)
                              ./TinyGPS.o (__mulsf3)
/usr/lib/gcc/avr/4.7.2/avr5/libgcc.a(_div_sf.o)
                              ./TinyGPS.o (__divsf3)
/usr/lib/gcc/avr/4.7.2/avr5/libgcc.a(_eq_sf.o)
                              ./TinyGPS.o (__eqsf2)
/usr/lib/gcc/avr/4.7.2/avr5/libgcc.a(_gt_sf.o)
                              /home/victor/workspace/eclipse_arduino/arduinoCore/Release/libarduinoCore.a(Print.o) (__gtsf2)
/usr/lib/gcc/avr/4.7.2/avr5/libgcc.a(_ge_sf.o)
                              /usr/lib/gcc/avr/4.7.2/avr5/libgcc.a(_fixunssfsi.o) (__gesf2)
/usr/lib/gcc/avr/4.7.2/avr5/libgcc.a(_lt_sf.o)
                              ./TinyGPS.o (__ltsf2)
/usr/lib/gcc/avr/4.7.2/avr5/libgcc.a(_le_sf.o)
                              /home/victor/workspace/eclipse_arduino/arduinoCore/Release/libarduinoCore.a(Print.o) (__lesf2)
/usr/lib/gcc/avr/4.7.2/avr5/libgcc.a(_unord_sf.o)
                              /home/victor/workspace/eclipse_arduino/arduinoCore/Release/libarduinoCore.a(Print.o) (__unordsf2)
/usr/lib/gcc/avr/4.7.2/avr5/libgcc.a(_si_to_sf.o)
                              ./TinyGPS.o (__floatsisf)
/usr/lib/gcc/avr/4.7.2/avr5/libgcc.a(_sf_to_si.o)
                              ./TinyGPS.o (__fixsfsi)
/usr/lib/gcc/avr/4.7.2/avr5/libgcc.a(_thenan_sf.o)
                              /usr/lib/gcc/avr/4.7.2/avr5/libgcc.a(_addsub_sf.o) (__thenan_sf)
/usr/lib/gcc/avr/4.7.2/avr5/libgcc.a(_usi_to_sf.o)
                              ./TinyGPS.o (__floatunsisf)
/usr/lib/gcc/avr/4.7.2/avr5/libgcc.a(_umulhisi3.o)
[...]
Memory Configuration

Name             Origin             Length             Attributes
text             0x0000000000000000 0x0000000000020000 xr
data             0x0000000000800060 0x000000000000ffa0 rw !x
eeprom           0x0000000000810000 0x0000000000010000 rw !x
fuse             0x0000000000820000 0x0000000000000400 rw !x
lock             0x0000000000830000 0x0000000000000400 rw !x
signature        0x0000000000840000 0x0000000000000400 rw !x
*default*        0x0000000000000000 0xffffffffffffffff

Linker script and memory map

Address of section .data set to 0x800100
LOAD /usr/lib/gcc/avr/4.7.2/../../../avr/lib/avr5/crtm328p.o
LOAD ./Dhcp.o
LOAD ./Dns.o
LOAD ./Ethernet.o
LOAD ./EthernetClient.o
LOAD ./EthernetServer.o
LOAD ./EthernetUdp.o
LOAD ./File.o
LOAD ./SD.o
LOAD ./SPI.o
LOAD ./Sd2Card.o
LOAD ./SdFile.o
LOAD ./SdVolume.o
LOAD ./SoftwareSerial.o
LOAD ./TinyGPS.o
LOAD ./main.o
LOAD ./socket.o
LOAD ./w5100.o
LOAD /home/victor/workspace/eclipse_arduino/arduinoCore/Release/libarduinoCore.a
LOAD /usr/lib/gcc/avr/4.7.2/avr5/libgcc.a
LOAD /usr/lib/gcc/avr/4.7.2/../../../avr/lib/avr5/libm.a
LOAD /usr/lib/gcc/avr/4.7.2/avr5/libgcc.a
LOAD /usr/lib/gcc/avr/4.7.2/../../../avr/lib/avr5/libc.a
LOAD /usr/lib/gcc/avr/4.7.2/avr5/libgcc.a

.hash
 *(.hash)

.dynsym
 *(.dynsym)

.dynstr
 *(.dynstr)

.gnu.version
 *(.gnu.version)

.gnu.version_d
 *(.gnu.version_d)

.gnu.version_r
 *(.gnu.version_r)

.rel.init
 *(.rel.init)

.rela.init
 *(.rela.init)

.rel.text
 *(.rel.text)
 *(.rel.text.*)
 *(.rel.gnu.linkonce.t*)

.rela.text
 *(.rela.text)
 *(.rela.text.*)
 *(.rela.gnu.linkonce.t*)

.rel.fini
 *(.rel.fini)

.rela.fini
 *(.rela.fini)

.rel.rodata
 *(.rel.rodata)
 *(.rel.rodata.*)
 *(.rel.gnu.linkonce.r*)

.rela.rodata
 *(.rela.rodata)
 *(.rela.rodata.*)
 *(.rela.gnu.linkonce.r*)

.rel.data
 *(.rel.data)
 *(.rel.data.*)
 *(.rel.gnu.linkonce.d*)

.rela.data
 *(.rela.data)
 *(.rela.data.*)
 *(.rela.gnu.linkonce.d*)

.rel.ctors
 *(.rel.ctors)

.rela.ctors
 *(.rela.ctors)

.rel.dtors
 *(.rel.dtors)

.rela.dtors
 *(.rela.dtors)

.rel.got
 *(.rel.got)

.rela.got
 *(.rela.got)

.rel.bss
 *(.rel.bss)

.rela.bss
 *(.rela.bss)

.rel.plt
 *(.rel.plt)

.rela.plt
 *(.rela.plt)

.text           0x0000000000000000     0x1ace
 *(.vectors)
 .vectors       0x0000000000000000       0x68 /usr/lib/gcc/avr/4.7.2/../../../avr/lib/avr5/crtm328p.o
                0x0000000000000000                __vectors
                0x0000000000000000                __vector_default
 *(.vectors)
 *(.progmem.gcc*)
 *(.progmem*)
 .progmem.data.digital_pin_to_timer_PGM
                0x0000000000000068       0x14 /home/victor/workspace/eclipse_arduino/arduinoCore/Release/libarduinoCore.a(wiring_digital.o)
                0x0000000000000068                digital_pin_to_timer_PGM
 .progmem.data.digital_pin_to_bit_mask_PGM
                0x000000000000007c       0x14 /home/victor/workspace/eclipse_arduino/arduinoCore/Release/libarduinoCore.a(wiring_digital.o)
                0x000000000000007c                digital_pin_to_bit_mask_PGM
 .progmem.data.digital_pin_to_port_PGM
                0x0000000000000090       0x14 /home/victor/workspace/eclipse_arduino/arduinoCore/Release/libarduinoCore.a(wiring_digital.o)
                0x0000000000000090                digital_pin_to_port_PGM
 .progmem.data.port_to_output_PGM
                0x00000000000000a4        0xa /home/victor/workspace/eclipse_arduino/arduinoCore/Release/libarduinoCore.a(wiring_digital.o)
                0x00000000000000a4                port_to_output_PGM
 .progmem.data.port_to_mode_PGM
                0x00000000000000ae        0xa /home/victor/workspace/eclipse_arduino/arduinoCore/Release/libarduinoCore.a(wiring_digital.o)
                0x00000000000000ae                port_to_mode_PGM
                0x00000000000000b8                . = ALIGN (0x2)
                0x00000000000000b8                __trampolines_start = .
 *(.trampolines)
 .trampolines   0x00000000000000b8        0x0 linker stubs
 *(.trampolines*)
                0x00000000000000b8                __trampolines_end = .
 *(.jumptables)
 *(.jumptables*)
 *(.lowtext)
 *(.lowtext*)
                0x00000000000000b8                __ctors_start = .
 *(.ctors)
 .ctors         0x00000000000000b8        0x2 ./Dhcp.o
 .ctors         0x00000000000000ba        0x2 ./Dns.o
 .ctors         0x00000000000000bc        0x2 ./Ethernet.o
 .ctors         0x00000000000000be        0x2 ./EthernetClient.o
 .ctors         0x00000000000000c0        0x2 ./EthernetServer.o
 .ctors         0x00000000000000c2        0x2 ./EthernetUdp.o
 .ctors         0x00000000000000c4        0x2 ./SD.o
 .ctors         0x00000000000000c6        0x2 ./main.o
 .ctors         0x00000000000000c8        0x2 /home/victor/workspace/eclipse_arduino/arduinoCore/Release/libarduinoCore.a(HardwareSerial.o)
 .ctors         0x00000000000000ca        0x2 /home/victor/workspace/eclipse_arduino/arduinoCore/Release/libarduinoCore.a(IPAddress.o)
                0x00000000000000cc                __ctors_end = .
                0x00000000000000cc                __dtors_start = .
 *(.dtors)
                0x00000000000000cc                __dtors_end = .
 SORT(*)(.ctors)
 SORT(*)(.dtors)
 *(.init0)
 .init0         0x00000000000000cc        0x0 /usr/lib/gcc/avr/4.7.2/../../../avr/lib/avr5/crtm328p.o
                0x00000000000000cc                __init
 *(.init0)
 *(.init1)
 *(.init1)
 *(.init2)
 .init2         0x00000000000000cc        0xc /usr/lib/gcc/avr/4.7.2/../../../avr/lib/avr5/crtm328p.o
 *(.init2)
 *(.init3)
 *(.init3)
 *(.init4)
 .init4         0x00000000000000d8       0x16 /usr/lib/gcc/avr/4.7.2/avr5/libgcc.a(_copy_data.o)
                0x00000000000000d8                __do_copy_data
 .init4         0x00000000000000ee       0x10 /usr/lib/gcc/avr/4.7.2/avr5/libgcc.a(_clear_bss.o)
                0x00000000000000ee                __do_clear_bss
 *(.init4)
 *(.init5)
 *(.init5)
 *(.init6)
 .init6         0x00000000000000fe       0x16 /usr/lib/gcc/avr/4.7.2/avr5/libgcc.a(_ctors.o)
                0x00000000000000fe                __do_global_ctors
 *(.init6)
 *(.init7)
 *(.init7)
 *(.init8)
 *(.init8)
 *(.init9)
 .init9         0x0000000000000114        0x8 /usr/lib/gcc/avr/4.7.2/../../../avr/lib/avr5/crtm328p.o
 *(.init9)
 *(.text)
 .text          0x000000000000011c        0x2 /usr/lib/gcc/avr/4.7.2/../../../avr/lib/avr5/crtm328p.o
                0x000000000000011c                __vector_22
                0x000000000000011c                __vector_1
                0x000000000000011c                __vector_24
                0x000000000000011c                __vector_12
                0x000000000000011c                __bad_interrupt
                0x000000000000011c                __vector_6
                0x000000000000011c                __vector_23
                0x000000000000011c                __vector_25
                0x000000000000011c                __vector_11
                0x000000000000011c                __vector_13
                0x000000000000011c                __vector_17
                0x000000000000011c                __vector_7
                0x000000000000011c                __vector_9
                0x000000000000011c                __vector_2
                0x000000000000011c                __vector_21
                0x000000000000011c                __vector_15
                0x000000000000011c                __vector_8
                0x000000000000011c                __vector_14
                0x000000000000011c                __vector_10
                0x000000000000011c                __vector_20
                0x000000000000011e                . = ALIGN (0x2)
 *(.text.*)
 .text.startup._GLOBAL__sub_I__ZN9DhcpClass13beginWithDHCPEPhmm
                0x000000000000011e       0x16 ./Dhcp.o
 .text.startup._GLOBAL__sub_I__ZN9DNSClient5beginERK9IPAddress
                0x0000000000000134       0x16 ./Dns.o
 .text.startup._GLOBAL__sub_I__ZN13EthernetClass6_stateE
                0x000000000000014a       0x1c ./Ethernet.o
 .text.startup._GLOBAL__sub_I__ZN14EthernetClient8_srcportE
                0x0000000000000166       0x16 ./EthernetClient.o
 .text.startup._GLOBAL__sub_I__ZN14EthernetServerC2Ej
                0x000000000000017c       0x16 ./EthernetServer.o
 .text.startup._GLOBAL__sub_I__ZN11EthernetUDPC2Ev
                0x0000000000000192       0x16 ./EthernetUdp.o
 .text.startup._GLOBAL__sub_I__Z20getNextPathComponentPcPjS_
                0x00000000000001a8       0x46 ./SD.o
 .text._ZL7spiSendh
                0x00000000000001ee        0xa ./Sd2Card.o
 .text._ZL6spiRecv
                0x00000000000001f8        0x8 ./Sd2Card.o
 .text._ZN7Sd2Card14chipSelectHighEv
                0x0000000000000200        0xa ./Sd2Card.o
                0x0000000000000200                _ZN7Sd2Card14chipSelectHighEv
 .text._ZN7Sd2Card13chipSelectLowEv
                0x000000000000020a        0xa ./Sd2Card.o
                0x000000000000020a                _ZN7Sd2Card13chipSelectLowEv
 .text._ZN7Sd2Card7readEndEv
                0x0000000000000214       0x42 ./Sd2Card.o
                0x0000000000000214                _ZN7Sd2Card7readEndEv
 .text._ZN7Sd2Card11waitNotBusyEj
                0x0000000000000256       0x34 ./Sd2Card.o
                0x0000000000000256                _ZN7Sd2Card11waitNotBusyEj
 .text._ZN7Sd2Card11cardCommandEhm
                0x000000000000028a       0xb6 ./Sd2Card.o
                0x000000000000028a                _ZN7Sd2Card11cardCommandEhm
 .text._ZN7Sd2Card14waitStartBlockEv
                0x0000000000000340       0x48 ./Sd2Card.o
                0x0000000000000340                _ZN7Sd2Card14waitStartBlockEv
 .text._ZN7Sd2Card8readDataEmjjPh
                0x0000000000000388      0x11c ./Sd2Card.o
                0x0000000000000388                _ZN7Sd2Card8readDataEmjjPh
 .text._ZN7Sd2Card9readBlockEmPh
                0x00000000000004a4       0x1e ./Sd2Card.o
                0x00000000000004a4                _ZN7Sd2Card9readBlockEmPh
 .text._ZN7Sd2Card9writeDataEhPKh
                0x00000000000004c2       0x5e ./Sd2Card.o
                0x00000000000004c2                _ZN7Sd2Card9writeDataEhPKh
 .text._ZN7Sd2Card10writeBlockEmPKh
                0x0000000000000520       0x92 ./Sd2Card.o
                0x0000000000000520                _ZN7Sd2Card10writeBlockEmPKh
 .text._ZN6SdFile10addClusterEv
                0x00000000000005b2       0x52 ./SdFile.o
                0x00000000000005b2                _ZN6SdFile10addClusterEv
 .text._ZN6SdFile13cacheDirEntryEh
                0x0000000000000604       0x32 ./SdFile.o
                0x0000000000000604                _ZN6SdFile13cacheDirEntryEh
 .text._ZN6SdFile7seekSetEm
                0x0000000000000636      0x134 ./SdFile.o
                0x0000000000000636                _ZN6SdFile7seekSetEm
 .text._ZN6SdFile4syncEv
                0x000000000000076a       0x8a ./SdFile.o
                0x000000000000076a                _ZN6SdFile4syncEv
 .text._ZN6SdFile5writeEPKvj
                0x00000000000007f4      0x33e ./SdFile.o
                0x00000000000007f4                _ZN6SdFile5writeEPKvj
 .text._ZN6SdFile5writeEh
                0x0000000000000b32       0x20 ./SdFile.o
                0x0000000000000b32                _ZN6SdFile5writeEh
 .text._ZN8SdVolume10cacheFlushEv
                0x0000000000000b52       0x72 ./SdVolume.o
                0x0000000000000b52                _ZN8SdVolume10cacheFlushEv
 .text._ZN8SdVolume13cacheRawBlockEmh
                0x0000000000000bc4       0x72 ./SdVolume.o
                0x0000000000000bc4                _ZN8SdVolume13cacheRawBlockEmh
 .text._ZNK8SdVolume6fatGetEmPm
                0x0000000000000c36      0x108 ./SdVolume.o
                0x0000000000000c36                _ZNK8SdVolume6fatGetEmPm
 .text._ZN8SdVolume6fatPutEmm
                0x0000000000000d3e      0x140 ./SdVolume.o
                0x0000000000000d3e                _ZN8SdVolume6fatPutEmm
 .text._ZN8SdVolume15allocContiguousEmPm
                0x0000000000000e7e      0x226 ./SdVolume.o
                0x0000000000000e7e                _ZN8SdVolume15allocContiguousEmPm
 .text._ZN14SoftwareSerial10tunedDelayEj
                0x00000000000010a4        0xe ./SoftwareSerial.o
                0x00000000000010a4                _ZN14SoftwareSerial10tunedDelayEj
 .text._ZN14SoftwareSerial4recvEv
                0x00000000000010b2       0xb4 ./SoftwareSerial.o
                0x00000000000010b2                _ZN14SoftwareSerial4recvEv
 .text._ZN14SoftwareSerial16handle_interruptEv
                0x0000000000001166       0x10 ./SoftwareSerial.o
                0x0000000000001166                _ZN14SoftwareSerial16handle_interruptEv
 .text.__vector_3
                0x0000000000001176       0x46 ./SoftwareSerial.o
                0x0000000000001176                __vector_3
 .text.__vector_4
                0x00000000000011bc       0x46 ./SoftwareSerial.o
                0x00000000000011bc                __vector_4
 .text.__vector_5
                0x0000000000001202       0x46 ./SoftwareSerial.o
                0x0000000000001202                __vector_5
 .text.setup    0x0000000000001248        0x8 ./main.o
                0x0000000000001248                setup
 .text.loop     0x0000000000001250       0x2c ./main.o
                0x0000000000001250                loop
 .text.startup.main
                0x000000000000127c        0x8 ./main.o
                0x000000000000127c                main
 .text.startup._GLOBAL__sub_I_ledPin
                0x0000000000001284       0x14 ./main.o
 .text._ZN14HardwareSerial9availableEv
                0x0000000000001298       0x26 /home/victor/workspace/eclipse_arduino/arduinoCore/Release/libarduinoCore.a(HardwareSerial.o)
                0x0000000000001298                _ZN14HardwareSerial9availableEv
 .text._ZN14HardwareSerial4peekEv
                0x00000000000012be       0x38 /home/victor/workspace/eclipse_arduino/arduinoCore/Release/libarduinoCore.a(HardwareSerial.o)
                0x00000000000012be                _ZN14HardwareSerial4peekEv
 .text._ZN14HardwareSerial4readEv
                0x00000000000012f6       0x48 /home/victor/workspace/eclipse_arduino/arduinoCore/Release/libarduinoCore.a(HardwareSerial.o)
                0x00000000000012f6                _ZN14HardwareSerial4readEv
 .text._ZN14HardwareSerial5flushEv
                0x000000000000133e       0x16 /home/victor/workspace/eclipse_arduino/arduinoCore/Release/libarduinoCore.a(HardwareSerial.o)
                0x000000000000133e                _ZN14HardwareSerial5flushEv
 .text._ZN14HardwareSerial5writeEh
                0x0000000000001354       0x7a /home/victor/workspace/eclipse_arduino/arduinoCore/Release/libarduinoCore.a(HardwareSerial.o)
                0x0000000000001354                _ZN14HardwareSerial5writeEh
 .text.__vector_18
                0x00000000000013ce       0x74 /home/victor/workspace/eclipse_arduino/arduinoCore/Release/libarduinoCore.a(HardwareSerial.o)
                0x00000000000013ce                __vector_18
 .text.__vector_19
                0x0000000000001442       0x76 /home/victor/workspace/eclipse_arduino/arduinoCore/Release/libarduinoCore.a(HardwareSerial.o)
                0x0000000000001442                __vector_19
 .text.startup._GLOBAL__sub_I_rx_buffer
                0x00000000000014b8       0xac /home/victor/workspace/eclipse_arduino/arduinoCore/Release/libarduinoCore.a(HardwareSerial.o)
 .text._ZNK9IPAddress7printToER5Print
                0x0000000000001564       0x70 /home/victor/workspace/eclipse_arduino/arduinoCore/Release/libarduinoCore.a(IPAddress.o)
                0x0000000000001564                _ZNK9IPAddress7printToER5Print
 .text._ZN9IPAddressC2Ev
                0x00000000000015d4       0x14 /home/victor/workspace/eclipse_arduino/arduinoCore/Release/libarduinoCore.a(IPAddress.o)
                0x00000000000015d4                _ZN9IPAddressC2Ev
                0x00000000000015d4                _ZN9IPAddressC1Ev
 .text._ZN9IPAddressC2Ehhhh
                0x00000000000015e8       0x18 /home/victor/workspace/eclipse_arduino/arduinoCore/Release/libarduinoCore.a(IPAddress.o)
                0x00000000000015e8                _ZN9IPAddressC1Ehhhh
                0x00000000000015e8                _ZN9IPAddressC2Ehhhh
 .text.startup._GLOBAL__sub_I__ZN9IPAddressC2Ev
                0x0000000000001600       0x1e /home/victor/workspace/eclipse_arduino/arduinoCore/Release/libarduinoCore.a(IPAddress.o)
 .text._ZN5Print5writeEPKhj
                0x000000000000161e       0x50 /home/victor/workspace/eclipse_arduino/arduinoCore/Release/libarduinoCore.a(Print.o)
                0x000000000000161e                _ZN5Print5writeEPKhj
 .text._ZN5Print5writeEPKc
                0x000000000000166e       0x2c /home/victor/workspace/eclipse_arduino/arduinoCore/Release/libarduinoCore.a(Print.o)
                0x000000000000166e                _ZN5Print5writeEPKc
 .text._ZN5Print5printEc
                0x000000000000169a        0xe /home/victor/workspace/eclipse_arduino/arduinoCore/Release/libarduinoCore.a(Print.o)
                0x000000000000169a                _ZN5Print5printEc
 .text._ZN5Print11printNumberEmh
                0x00000000000016a8       0xb4 /home/victor/workspace/eclipse_arduino/arduinoCore/Release/libarduinoCore.a(Print.o)
                0x00000000000016a8                _ZN5Print11printNumberEmh
 .text._ZN5Print5printEmi
                0x000000000000175c       0x18 /home/victor/workspace/eclipse_arduino/arduinoCore/Release/libarduinoCore.a(Print.o)
                0x000000000000175c                _ZN5Print5printEmi
 .text._ZN5Print5printEhi
                0x0000000000001774        0xc /home/victor/workspace/eclipse_arduino/arduinoCore/Release/libarduinoCore.a(Print.o)
                0x0000000000001774                _ZN5Print5printEhi
 .text.__vector_16
                0x0000000000001780       0x94 /home/victor/workspace/eclipse_arduino/arduinoCore/Release/libarduinoCore.a(wiring.o)
                0x0000000000001780                __vector_16
 .text.millis   0x0000000000001814       0x24 /home/victor/workspace/eclipse_arduino/arduinoCore/Release/libarduinoCore.a(wiring.o)
                0x0000000000001814                millis
 .text.micros   0x0000000000001838       0x54 /home/victor/workspace/eclipse_arduino/arduinoCore/Release/libarduinoCore.a(wiring.o)
                0x0000000000001838                micros
 .text.delay    0x000000000000188c       0x48 /home/victor/workspace/eclipse_arduino/arduinoCore/Release/libarduinoCore.a(wiring.o)
                0x000000000000188c                delay
 .text.init     0x00000000000018d4       0x76 /home/victor/workspace/eclipse_arduino/arduinoCore/Release/libarduinoCore.a(wiring.o)
                0x00000000000018d4                init
 .text.turnOffPWM
                0x000000000000194a       0x54 /home/victor/workspace/eclipse_arduino/arduinoCore/Release/libarduinoCore.a(wiring_digital.o)
 .text.pinMode  0x000000000000199e       0x70 /home/victor/workspace/eclipse_arduino/arduinoCore/Release/libarduinoCore.a(wiring_digital.o)
                0x000000000000199e                pinMode
 .text.digitalWrite
                0x0000000000001a0e       0x6c /home/victor/workspace/eclipse_arduino/arduinoCore/Release/libarduinoCore.a(wiring_digital.o)
                0x0000000000001a0e                digitalWrite
 .text.libgcc.div
                0x0000000000001a7a       0x44 /usr/lib/gcc/avr/4.7.2/avr5/libgcc.a(_udivmodsi4.o)
                0x0000000000001a7a                __udivmodsi4
 .text.libgcc   0x0000000000001abe        0xc /usr/lib/gcc/avr/4.7.2/avr5/libgcc.a(_tablejump.o)
                0x0000000000001abe                __tablejump2__
                0x0000000000001ac2                __tablejump__
                0x0000000000001aca                . = ALIGN (0x2)
 *(.fini9)
 .fini9         0x0000000000001aca        0x0 /usr/lib/gcc/avr/4.7.2/avr5/libgcc.a(_exit.o)
                0x0000000000001aca                exit
                0x0000000000001aca                _exit
 *(.fini9)
 *(.fini8)
 *(.fini8)
 *(.fini7)
 *(.fini7)
 *(.fini6)
 *(.fini6)
 *(.fini5)
 *(.fini5)
 *(.fini4)
 *(.fini4)
 *(.fini3)
 *(.fini3)
 *(.fini2)
 *(.fini2)
 *(.fini1)
 *(.fini1)
 *(.fini0)
 .fini0         0x0000000000001aca        0x4 /usr/lib/gcc/avr/4.7.2/avr5/libgcc.a(_exit.o)
 *(.fini0)
                0x0000000000001ace                _etext = .

.data           0x0000000000800100       0x24 load address 0x0000000000001ace
                0x0000000000800100                PROVIDE (__data_start, .)
 *(.data)
 *(.data*)
 .data._ZN8SdVolume17cacheBlockNumber_E
                0x0000000000800100        0x4 ./SdVolume.o
                0x0000000000800100                _ZN8SdVolume17cacheBlockNumber_E
 .data.ledPin   0x0000000000800104        0x2 ./main.o
                0x0000000000800104                ledPin
 *(.rodata)
 *(.rodata*)
 .rodata._ZTV6SdFile
                0x0000000000800106        0x8 ./SdFile.o
                0x0000000000800106                _ZTV6SdFile
 .rodata._ZTV14HardwareSerial
                0x000000000080010e       0x10 /home/victor/workspace/eclipse_arduino/arduinoCore/Release/libarduinoCore.a(HardwareSerial.o)
                0x000000000080010e                _ZTV14HardwareSerial
 .rodata._ZTV9IPAddress
                0x000000000080011e        0x6 /home/victor/workspace/eclipse_arduino/arduinoCore/Release/libarduinoCore.a(IPAddress.o)
                0x000000000080011e                _ZTV9IPAddress
 *(.gnu.linkonce.d*)
                0x0000000000800124                . = ALIGN (0x2)
                0x0000000000800124                _edata = .
                0x0000000000800124                PROVIDE (__data_end, .)

.bss            0x0000000000800124      0x381
                0x0000000000800124                PROVIDE (__bss_start, .)
 *(.bss)
 *(.bss*)
 .bss._ZL11INADDR_NONE
                0x0000000000800124        0x6 ./Dhcp.o
 .bss._ZL11INADDR_NONE
                0x000000000080012a        0x6 ./Dns.o
 .bss.Ethernet  0x0000000000800130        0x8 ./Ethernet.o
                0x0000000000800130                Ethernet
 .bss._ZL11INADDR_NONE
                0x0000000000800138        0x6 ./Ethernet.o
 .bss._ZL11INADDR_NONE
                0x000000000080013e        0x6 ./EthernetClient.o
 .bss._ZL11INADDR_NONE
                0x0000000000800144        0x6 ./EthernetServer.o
 .bss._ZL11INADDR_NONE
                0x000000000080014a        0x6 ./EthernetUdp.o
 .bss.SD        0x0000000000800150       0x49 ./SD.o
                0x0000000000800150                SD
 .bss._ZN6SdFile9dateTime_E
                0x0000000000800199        0x2 ./SdFile.o
                0x0000000000800199                _ZN6SdFile9dateTime_E
 .bss._ZN8SdVolume17cacheMirrorBlock_E
                0x000000000080019b        0x4 ./SdVolume.o
                0x000000000080019b                _ZN8SdVolume17cacheMirrorBlock_E
 .bss._ZN8SdVolume11cacheDirty_E
                0x000000000080019f        0x1 ./SdVolume.o
                0x000000000080019f                _ZN8SdVolume11cacheDirty_E
 .bss._ZN8SdVolume7sdCard_E
                0x00000000008001a0        0x2 ./SdVolume.o
                0x00000000008001a0                _ZN8SdVolume7sdCard_E
 .bss._ZN8SdVolume12cacheBuffer_E
                0x00000000008001a2      0x200 ./SdVolume.o
                0x00000000008001a2                _ZN8SdVolume12cacheBuffer_E
 .bss._ZN14SoftwareSerial20_receive_buffer_headE
                0x00000000008003a2        0x1 ./SoftwareSerial.o
                0x00000000008003a2                _ZN14SoftwareSerial20_receive_buffer_headE
 .bss._ZN14SoftwareSerial20_receive_buffer_tailE
                0x00000000008003a3        0x1 ./SoftwareSerial.o
                0x00000000008003a3                _ZN14SoftwareSerial20_receive_buffer_tailE
 .bss._ZN14SoftwareSerial15_receive_bufferE
                0x00000000008003a4       0x40 ./SoftwareSerial.o
                0x00000000008003a4                _ZN14SoftwareSerial15_receive_bufferE
 .bss._ZN14SoftwareSerial13active_objectE
                0x00000000008003e4        0x2 ./SoftwareSerial.o
                0x00000000008003e4                _ZN14SoftwareSerial13active_objectE
 .bss._ZL11INADDR_NONE
                0x00000000008003e6        0x6 ./main.o
 .bss.Serial    0x00000000008003ec       0x22 /home/victor/workspace/eclipse_arduino/arduinoCore/Release/libarduinoCore.a(HardwareSerial.o)
                0x00000000008003ec                Serial
 .bss.tx_buffer
                0x000000000080040e       0x44 /home/victor/workspace/eclipse_arduino/arduinoCore/Release/libarduinoCore.a(HardwareSerial.o)
                0x000000000080040e                tx_buffer
 .bss.rx_buffer
                0x0000000000800452       0x44 /home/victor/workspace/eclipse_arduino/arduinoCore/Release/libarduinoCore.a(HardwareSerial.o)
                0x0000000000800452                rx_buffer
 .bss._ZL11INADDR_NONE
                0x0000000000800496        0x6 /home/victor/workspace/eclipse_arduino/arduinoCore/Release/libarduinoCore.a(IPAddress.o)
 .bss.timer0_millis
                0x000000000080049c        0x4 /home/victor/workspace/eclipse_arduino/arduinoCore/Release/libarduinoCore.a(wiring.o)
                0x000000000080049c                timer0_millis
 .bss.timer0_overflow_count
                0x00000000008004a0        0x4 /home/victor/workspace/eclipse_arduino/arduinoCore/Release/libarduinoCore.a(wiring.o)
                0x00000000008004a0                timer0_overflow_count
 .bss.timer0_fract
                0x00000000008004a4        0x1 /home/victor/workspace/eclipse_arduino/arduinoCore/Release/libarduinoCore.a(wiring.o)
 *(COMMON)
                0x00000000008004a5                PROVIDE (__bss_end, .)
                0x0000000000001ace                __data_load_start = LOADADDR (.data)
                0x0000000000001af2                __data_load_end = (__data_load_start + SIZEOF (.data))

.noinit         0x00000000008004a5        0x0
                0x00000000008004a5                PROVIDE (__noinit_start, .)
 *(.noinit*)
                0x00000000008004a5                PROVIDE (__noinit_end, .)
                0x00000000008004a5                _end = .
                0x00000000008004a5                PROVIDE (__heap_start, .)

.eeprom         0x0000000000810000        0x0
 *(.eeprom*)
                0x0000000000810000                __eeprom_end = .

.fuse
 *(.fuse)
 *(.lfuse)
 *(.hfuse)
 *(.efuse)

.lock
 *(.lock*)

.signature
 *(.signature*)

.stab
 *(.stab)

.stabstr
 *(.stabstr)

.stab.excl
 *(.stab.excl)

.stab.exclstr
 *(.stab.exclstr)

.stab.index
 *(.stab.index)

.stab.indexstr
 *(.stab.indexstr)

.comment        0x0000000000000000       0x22
 *(.comment)
 .comment       0x0000000000000000       0x11 ./Dhcp.o
                                         0x12 (size before relaxing)
 .comment       0x0000000000000000       0x12 ./Dns.o
 .comment       0x0000000000000000       0x12 ./Ethernet.o
 .comment       0x0000000000000000       0x12 ./EthernetClient.o
 .comment       0x0000000000000000       0x12 ./EthernetServer.o
 .comment       0x0000000000000000       0x12 ./EthernetUdp.o
 .comment       0x0000000000000000       0x12 ./File.o
 .comment       0x0000000000000000       0x12 ./SD.o
 .comment       0x0000000000000000       0x12 ./SPI.o
 .comment       0x0000000000000000       0x12 ./Sd2Card.o
 .comment       0x0000000000000000       0x12 ./SdFile.o
 .comment       0x0000000000000000       0x12 ./SdVolume.o
 .comment       0x0000000000000000       0x12 ./SoftwareSerial.o
 .comment       0x0000000000000000       0x12 ./TinyGPS.o
 .comment       0x0000000000000000       0x12 ./main.o
 .comment       0x0000000000000000       0x12 ./socket.o
 .comment       0x0000000000000000       0x12 ./w5100.o
 .comment       0x0000000000000000       0x12 /home/victor/workspace/eclipse_arduino/arduinoCore/Release/libarduinoCore.a(malloc.o)
 .comment       0x0000000000000000       0x12 /home/victor/workspace/eclipse_arduino/arduinoCore/Release/libarduinoCore.a(HardwareSerial.o)
 .comment       0x0000000000000000       0x12 /home/victor/workspace/eclipse_arduino/arduinoCore/Release/libarduinoCore.a(IPAddress.o)
 .comment       0x0000000000000000       0x12 /home/victor/workspace/eclipse_arduino/arduinoCore/Release/libarduinoCore.a(Print.o)
 .comment       0x0000000000000000       0x12 /home/victor/workspace/eclipse_arduino/arduinoCore/Release/libarduinoCore.a(WMath.o)
 .comment       0x0000000000000000       0x12 /home/victor/workspace/eclipse_arduino/arduinoCore/Release/libarduinoCore.a(WString.o)
 .comment       0x0000000000000000       0x12 /home/victor/workspace/eclipse_arduino/arduinoCore/Release/libarduinoCore.a(new.o)
 .comment       0x0000000000000000       0x12 /home/victor/workspace/eclipse_arduino/arduinoCore/Release/libarduinoCore.a(wiring.o)
 .comment       0x0000000000000000       0x12 /home/victor/workspace/eclipse_arduino/arduinoCore/Release/libarduinoCore.a(wiring_digital.o)
 .comment       0x0000000000000000       0x12 /home/victor/workspace/eclipse_arduino/arduinoCore/Release/libarduinoCore.a(realloc.o)
 .comment       0x0000000000000000       0x12 /usr/lib/gcc/avr/4.7.2/avr5/libgcc.a(_fixunssfsi.o)
 .comment       0x0000000000000000       0x12 /usr/lib/gcc/avr/4.7.2/avr5/libgcc.a(_addsub_sf.o)
 .comment       0x0000000000000000       0x12 /usr/lib/gcc/avr/4.7.2/avr5/libgcc.a(_mul_sf.o)
 .comment       0x0000000000000000       0x12 /usr/lib/gcc/avr/4.7.2/avr5/libgcc.a(_div_sf.o)
 .comment       0x0000000000000000       0x12 /usr/lib/gcc/avr/4.7.2/avr5/libgcc.a(_eq_sf.o)
 .comment       0x0000000000000000       0x12 /usr/lib/gcc/avr/4.7.2/avr5/libgcc.a(_gt_sf.o)
 .comment       0x0000000000000000       0x12 /usr/lib/gcc/avr/4.7.2/avr5/libgcc.a(_ge_sf.o)
 .comment       0x0000000000000000       0x12 /usr/lib/gcc/avr/4.7.2/avr5/libgcc.a(_lt_sf.o)
 .comment       0x0000000000000000       0x12 /usr/lib/gcc/avr/4.7.2/avr5/libgcc.a(_le_sf.o)
 .comment       0x0000000000000000       0x12 /usr/lib/gcc/avr/4.7.2/avr5/libgcc.a(_unord_sf.o)
 .comment       0x0000000000000000       0x12 /usr/lib/gcc/avr/4.7.2/avr5/libgcc.a(_si_to_sf.o)
 .comment       0x0000000000000000       0x12 /usr/lib/gcc/avr/4.7.2/avr5/libgcc.a(_sf_to_si.o)
 .comment       0x0000000000000000       0x12 /usr/lib/gcc/avr/4.7.2/avr5/libgcc.a(_thenan_sf.o)
 .comment       0x0000000000000000       0x12 /usr/lib/gcc/avr/4.7.2/avr5/libgcc.a(_usi_to_sf.o)
 .comment       0x0000000000000000       0x12 /usr/lib/gcc/avr/4.7.2/avr5/libgcc.a(_pack_sf.o)
 .comment       0x0000000000000000       0x12 /usr/lib/gcc/avr/4.7.2/avr5/libgcc.a(_unpack_sf.o)
 .comment       0x0000000000000000       0x12 /usr/lib/gcc/avr/4.7.2/avr5/libgcc.a(_fpcmp_parts_sf.o)
 .comment       0x0000000000000011       0x11 /usr/lib/gcc/avr/4.7.2/../../../avr/lib/avr5/libc.a(random.o)
                                         0x12 (size before relaxing)

.debug
 *(.debug)

.line
 *(.line)

.debug_srcinfo
 *(.debug_srcinfo)

.debug_sfnames
 *(.debug_sfnames)

.debug_aranges
 *(.debug_aranges)

.debug_pubnames
 *(.debug_pubnames)

.debug_info
 *(.debug_info)
 *(.gnu.linkonce.wi.*)

.debug_abbrev
 *(.debug_abbrev)

.debug_line
 *(.debug_line)

.debug_frame
 *(.debug_frame)

.debug_str
 *(.debug_str)

.debug_loc
 *(.debug_loc)

.debug_macinfo
 *(.debug_macinfo)
OUTPUT(helloWorld.elf elf32-avr)
LOAD linker stubs

Cross Reference Table

Symbol                                            File
DNSClient::BuildRequest(char const*)              ./Dns.o
DNSClient::ProcessResponse(unsigned int, IPAddress&) ./Dns.o
DNSClient::begin(IPAddress const&)                ./Dns.o
                                                  ./EthernetUdp.o
                                                  ./EthernetClient.o
DNSClient::getHostByName(char const*, IPAddress&) ./Dns.o
                                                  ./EthernetUdp.o
                                                  ./EthernetClient.o
DNSClient::inet_aton(char const*, IPAddress&)     ./Dns.o
DhcpClass::beginWithDHCP(unsigned char*, unsigned long, unsigned long) ./Dhcp.o
                                                  ./Ethernet.o
DhcpClass::checkLease()                           ./Dhcp.o
                                                  ./Ethernet.o
DhcpClass::getDhcpServerIp()                      ./Dhcp.o
DhcpClass::getDnsServerIp()                       ./Dhcp.o
                                                  ./Ethernet.o
DhcpClass::getGatewayIp()                         ./Dhcp.o
                                                  ./Ethernet.o
DhcpClass::getLocalIp()                           ./Dhcp.o
                                                  ./Ethernet.o
DhcpClass::getSubnetMask()                        ./Dhcp.o
                                                  ./Ethernet.o
DhcpClass::parseDHCPResponse(unsigned long, unsigned long&) ./Dhcp.o
DhcpClass::presend_DHCP()                         ./Dhcp.o
DhcpClass::printByte(char*, unsigned char)        ./Dhcp.o
DhcpClass::request_DHCP_lease()                   ./Dhcp.o
DhcpClass::reset_DHCP_lease()                     ./Dhcp.o
DhcpClass::send_DHCP_MESSAGE(unsigned char, unsigned int) ./Dhcp.o
Ethernet                                          ./Ethernet.o
                                                  ./EthernetUdp.o
                                                  ./EthernetClient.o
EthernetClass::_server_port                       ./Ethernet.o
                                                  ./EthernetUdp.o
                                                  ./EthernetServer.o
                                                  ./EthernetClient.o
EthernetClass::_state                             ./Ethernet.o
EthernetClass::begin(unsigned char*)              ./Ethernet.o
EthernetClass::begin(unsigned char*, IPAddress)   ./Ethernet.o
EthernetClass::begin(unsigned char*, IPAddress, IPAddress) ./Ethernet.o
EthernetClass::begin(unsigned char*, IPAddress, IPAddress, IPAddress) ./Ethernet.o
EthernetClass::begin(unsigned char*, IPAddress, IPAddress, IPAddress, IPAddress) ./Ethernet.o
EthernetClass::dnsServerIP()                      ./Ethernet.o
                                                  ./EthernetUdp.o
                                                  ./EthernetClient.o
EthernetClass::gatewayIP()                        ./Ethernet.o
EthernetClass::localIP()                          ./Ethernet.o
EthernetClass::maintain()                         ./Ethernet.o
EthernetClass::subnetMask()                       ./Ethernet.o
EthernetClient::EthernetClient()                  ./EthernetClient.o
EthernetClient::EthernetClient()                  ./EthernetClient.o
EthernetClient::EthernetClient(unsigned char)     ./EthernetClient.o
EthernetClient::EthernetClient(unsigned char)     ./EthernetClient.o
                                                  ./EthernetServer.o
EthernetClient::_srcport                          ./EthernetClient.o
EthernetClient::available()                       ./EthernetClient.o
                                                  ./EthernetServer.o
EthernetClient::connect(IPAddress, unsigned int)  ./EthernetClient.o
EthernetClient::connect(char const*, unsigned int) ./EthernetClient.o
EthernetClient::connected()                       ./EthernetClient.o
EthernetClient::flush()                           ./EthernetClient.o
EthernetClient::operator bool()                   ./EthernetClient.o
EthernetClient::peek()                            ./EthernetClient.o
EthernetClient::read()                            ./EthernetClient.o
EthernetClient::read(unsigned char*, unsigned int) ./EthernetClient.o
EthernetClient::status()                          ./EthernetClient.o
                                                  ./EthernetServer.o
EthernetClient::stop()                            ./EthernetClient.o
                                                  ./EthernetServer.o
EthernetClient::write(unsigned char const*, unsigned int) ./EthernetClient.o
                                                  ./EthernetServer.o
EthernetClient::write(unsigned char)              ./EthernetClient.o
EthernetServer::EthernetServer(unsigned int)      ./EthernetServer.o
EthernetServer::EthernetServer(unsigned int)      ./EthernetServer.o
EthernetServer::accept()                          ./EthernetServer.o
EthernetServer::available()                       ./EthernetServer.o
EthernetServer::begin()                           ./EthernetServer.o
EthernetServer::write(unsigned char const*, unsigned int) ./EthernetServer.o
EthernetServer::write(unsigned char)              ./EthernetServer.o
EthernetUDP::EthernetUDP()                        ./EthernetUdp.o
EthernetUDP::EthernetUDP()                        ./EthernetUdp.o
                                                  ./EthernetClient.o
                                                  ./Ethernet.o
EthernetUDP::available()                          ./EthernetUdp.o
                                                  ./Dns.o
                                                  ./Dhcp.o
EthernetUDP::begin(unsigned int)                  ./EthernetUdp.o
                                                  ./Dns.o
                                                  ./Dhcp.o
EthernetUDP::beginPacket(IPAddress, unsigned int) ./EthernetUdp.o
                                                  ./Dns.o
                                                  ./Dhcp.o
EthernetUDP::beginPacket(char const*, unsigned int) ./EthernetUdp.o
EthernetUDP::endPacket()                          ./EthernetUdp.o
                                                  ./Dns.o
                                                  ./Dhcp.o
EthernetUDP::flush()                              ./EthernetUdp.o
                                                  ./Dns.o
                                                  ./Dhcp.o
EthernetUDP::parsePacket()                        ./EthernetUdp.o
                                                  ./Dns.o
                                                  ./Dhcp.o
EthernetUDP::peek()                               ./EthernetUdp.o
EthernetUDP::read()                               ./EthernetUdp.o
                                                  ./Dns.o
                                                  ./Dhcp.o
EthernetUDP::read(char*, unsigned int)            ./EthernetUdp.o
EthernetUDP::read(unsigned char*, unsigned int)   ./EthernetUdp.o
                                                  ./Dns.o
                                                  ./Dhcp.o
EthernetUDP::remoteIP()                           ./EthernetUdp.o
EthernetUDP::remotePort()                         ./EthernetUdp.o
EthernetUDP::stop()                               ./EthernetUdp.o
                                                  ./Dns.o
                                                  ./Dhcp.o
EthernetUDP::write(unsigned char const*, unsigned int) ./EthernetUdp.o
                                                  ./Dns.o
                                                  ./Dhcp.o
EthernetUDP::write(unsigned char)                 ./EthernetUdp.o
File::File()                                      ./File.o
                                                  ./SD.o
File::File()                                      ./File.o
File::File(SdFile, char const*)                   ./File.o
File::File(SdFile, char const*)                   ./File.o
                                                  ./SD.o
File::available()                                 ./File.o
File::close()                                     ./File.o
File::flush()                                     ./File.o
File::isDirectory()                               ./File.o
                                                  ./SD.o
File::name()                                      ./File.o
File::openNextFile(unsigned char)                 ./SD.o
File::operator bool()                             ./File.o
File::peek()                                      ./File.o
File::position()                                  ./File.o
File::read()                                      ./File.o
File::read(void*, unsigned int)                   ./File.o
File::rewindDirectory()                           ./SD.o
File::seek(unsigned long)                         ./File.o
File::size()                                      ./File.o
File::write(unsigned char const*, unsigned int)   ./File.o
File::write(unsigned char)                        ./File.o
File::~File()                                     ./File.o
File::~File()                                     ./File.o
HardwareSerial::HardwareSerial(ring_buffer*, ring_buffer*, unsigned char volatile*, unsigned char volatile*, unsigned char volatile*, unsigned char volatile*, unsigned char volatile*, unsigned char volatile*, unsigned char, unsigned char, unsigned char, unsigned char, unsigned char) /home/victor/workspace/eclipse_arduino/arduinoCore/Release/libarduinoCore.a(HardwareSerial.o)
HardwareSerial::HardwareSerial(ring_buffer*, ring_buffer*, unsigned char volatile*, unsigned char volatile*, unsigned char volatile*, unsigned char volatile*, unsigned char volatile*, unsigned char volatile*, unsigned char, unsigned char, unsigned char, unsigned char, unsigned char) /home/victor/workspace/eclipse_arduino/arduinoCore/Release/libarduinoCore.a(HardwareSerial.o)
HardwareSerial::available()                       /home/victor/workspace/eclipse_arduino/arduinoCore/Release/libarduinoCore.a(HardwareSerial.o)
HardwareSerial::begin(unsigned long)              /home/victor/workspace/eclipse_arduino/arduinoCore/Release/libarduinoCore.a(HardwareSerial.o)
HardwareSerial::begin(unsigned long, unsigned char) /home/victor/workspace/eclipse_arduino/arduinoCore/Release/libarduinoCore.a(HardwareSerial.o)
HardwareSerial::end()                             /home/victor/workspace/eclipse_arduino/arduinoCore/Release/libarduinoCore.a(HardwareSerial.o)
HardwareSerial::flush()                           /home/victor/workspace/eclipse_arduino/arduinoCore/Release/libarduinoCore.a(HardwareSerial.o)
HardwareSerial::operator bool()                   /home/victor/workspace/eclipse_arduino/arduinoCore/Release/libarduinoCore.a(HardwareSerial.o)
HardwareSerial::peek()                            /home/victor/workspace/eclipse_arduino/arduinoCore/Release/libarduinoCore.a(HardwareSerial.o)
HardwareSerial::read()                            /home/victor/workspace/eclipse_arduino/arduinoCore/Release/libarduinoCore.a(HardwareSerial.o)
HardwareSerial::write(unsigned char)              /home/victor/workspace/eclipse_arduino/arduinoCore/Release/libarduinoCore.a(HardwareSerial.o)
                                                  ./SdFile.o
IPAddress::IPAddress()                            /home/victor/workspace/eclipse_arduino/arduinoCore/Release/libarduinoCore.a(IPAddress.o)
IPAddress::IPAddress()                            /home/victor/workspace/eclipse_arduino/arduinoCore/Release/libarduinoCore.a(IPAddress.o)
                                                  ./EthernetUdp.o
                                                  ./EthernetClient.o
                                                  ./Ethernet.o
IPAddress::IPAddress(unsigned char const*)        /home/victor/workspace/eclipse_arduino/arduinoCore/Release/libarduinoCore.a(IPAddress.o)
                                                  ./Dhcp.o
IPAddress::IPAddress(unsigned char const*)        /home/victor/workspace/eclipse_arduino/arduinoCore/Release/libarduinoCore.a(IPAddress.o)
IPAddress::IPAddress(unsigned char, unsigned char, unsigned char, unsigned char) /home/victor/workspace/eclipse_arduino/arduinoCore/Release/libarduinoCore.a(IPAddress.o)
                                                  ./main.o
                                                  ./EthernetUdp.o
                                                  ./EthernetServer.o
                                                  ./EthernetClient.o
                                                  ./Ethernet.o
                                                  ./Dns.o
                                                  ./Dhcp.o
IPAddress::IPAddress(unsigned char, unsigned char, unsigned char, unsigned char) /home/victor/workspace/eclipse_arduino/arduinoCore/Release/libarduinoCore.a(IPAddress.o)
IPAddress::IPAddress(unsigned long)               /home/victor/workspace/eclipse_arduino/arduinoCore/Release/libarduinoCore.a(IPAddress.o)
IPAddress::IPAddress(unsigned long)               /home/victor/workspace/eclipse_arduino/arduinoCore/Release/libarduinoCore.a(IPAddress.o)
IPAddress::operator=(unsigned char const*)        /home/victor/workspace/eclipse_arduino/arduinoCore/Release/libarduinoCore.a(IPAddress.o)
                                                  ./EthernetUdp.o
IPAddress::operator=(unsigned long)               /home/victor/workspace/eclipse_arduino/arduinoCore/Release/libarduinoCore.a(IPAddress.o)
IPAddress::operator==(unsigned char const*)       /home/victor/workspace/eclipse_arduino/arduinoCore/Release/libarduinoCore.a(IPAddress.o)
IPAddress::printTo(Print&) const                  /home/victor/workspace/eclipse_arduino/arduinoCore/Release/libarduinoCore.a(IPAddress.o)
Print::print(Printable const&)                    /home/victor/workspace/eclipse_arduino/arduinoCore/Release/libarduinoCore.a(Print.o)
Print::print(String const&)                       /home/victor/workspace/eclipse_arduino/arduinoCore/Release/libarduinoCore.a(Print.o)
Print::print(__FlashStringHelper const*)          /home/victor/workspace/eclipse_arduino/arduinoCore/Release/libarduinoCore.a(Print.o)
Print::print(char const*)                         /home/victor/workspace/eclipse_arduino/arduinoCore/Release/libarduinoCore.a(Print.o)
                                                  ./SdFile.o
Print::print(char)                                /home/victor/workspace/eclipse_arduino/arduinoCore/Release/libarduinoCore.a(Print.o)
                                                  /home/victor/workspace/eclipse_arduino/arduinoCore/Release/libarduinoCore.a(IPAddress.o)
                                                  ./SdFile.o
Print::print(double, int)                         /home/victor/workspace/eclipse_arduino/arduinoCore/Release/libarduinoCore.a(Print.o)
Print::print(int, int)                            /home/victor/workspace/eclipse_arduino/arduinoCore/Release/libarduinoCore.a(Print.o)
Print::print(long, int)                           /home/victor/workspace/eclipse_arduino/arduinoCore/Release/libarduinoCore.a(Print.o)
Print::print(unsigned char, int)                  /home/victor/workspace/eclipse_arduino/arduinoCore/Release/libarduinoCore.a(Print.o)
                                                  /home/victor/workspace/eclipse_arduino/arduinoCore/Release/libarduinoCore.a(IPAddress.o)
Print::print(unsigned int, int)                   /home/victor/workspace/eclipse_arduino/arduinoCore/Release/libarduinoCore.a(Print.o)
                                                  ./SdFile.o
Print::print(unsigned long, int)                  /home/victor/workspace/eclipse_arduino/arduinoCore/Release/libarduinoCore.a(Print.o)
                                                  ./SdFile.o
Print::printFloat(double, unsigned char)          /home/victor/workspace/eclipse_arduino/arduinoCore/Release/libarduinoCore.a(Print.o)
Print::printNumber(unsigned long, unsigned char)  /home/victor/workspace/eclipse_arduino/arduinoCore/Release/libarduinoCore.a(Print.o)
Print::println()                                  /home/victor/workspace/eclipse_arduino/arduinoCore/Release/libarduinoCore.a(Print.o)
                                                  ./SdFile.o
Print::println(Printable const&)                  /home/victor/workspace/eclipse_arduino/arduinoCore/Release/libarduinoCore.a(Print.o)
Print::println(String const&)                     /home/victor/workspace/eclipse_arduino/arduinoCore/Release/libarduinoCore.a(Print.o)
Print::println(__FlashStringHelper const*)        /home/victor/workspace/eclipse_arduino/arduinoCore/Release/libarduinoCore.a(Print.o)
Print::println(char const*)                       /home/victor/workspace/eclipse_arduino/arduinoCore/Release/libarduinoCore.a(Print.o)
Print::println(char)                              /home/victor/workspace/eclipse_arduino/arduinoCore/Release/libarduinoCore.a(Print.o)
Print::println(double, int)                       /home/victor/workspace/eclipse_arduino/arduinoCore/Release/libarduinoCore.a(Print.o)
Print::println(int, int)                          /home/victor/workspace/eclipse_arduino/arduinoCore/Release/libarduinoCore.a(Print.o)
Print::println(long, int)                         /home/victor/workspace/eclipse_arduino/arduinoCore/Release/libarduinoCore.a(Print.o)
Print::println(unsigned char, int)                /home/victor/workspace/eclipse_arduino/arduinoCore/Release/libarduinoCore.a(Print.o)
Print::println(unsigned int, int)                 /home/victor/workspace/eclipse_arduino/arduinoCore/Release/libarduinoCore.a(Print.o)
Print::println(unsigned long, int)                /home/victor/workspace/eclipse_arduino/arduinoCore/Release/libarduinoCore.a(Print.o)
Print::write(char const*)                         /home/victor/workspace/eclipse_arduino/arduinoCore/Release/libarduinoCore.a(Print.o)
Print::write(unsigned char const*, unsigned int)  /home/victor/workspace/eclipse_arduino/arduinoCore/Release/libarduinoCore.a(Print.o)
                                                  /home/victor/workspace/eclipse_arduino/arduinoCore/Release/libarduinoCore.a(HardwareSerial.o)
                                                  ./SoftwareSerial.o
                                                  ./SdFile.o
                                                  ./File.o
                                                  ./EthernetUdp.o
                                                  ./EthernetServer.o
                                                  ./EthernetClient.o
SD                                                ./SD.o
SDClass::begin(unsigned char)                     ./SD.o
SDClass::exists(char*)                            ./SD.o
SDClass::getParentDir(char const*, int*)          ./SD.o
SDClass::mkdir(char*)                             ./SD.o
SDClass::open(char const*, unsigned char)         ./SD.o
SDClass::remove(char*)                            ./SD.o
SDClass::rmdir(char*)                             ./SD.o
SPI                                               ./SPI.o
SPIClass::begin()                                 ./SPI.o
                                                  ./w5100.o
SPIClass::end()                                   ./SPI.o
SPIClass::setBitOrder(unsigned char)              ./SPI.o
SPIClass::setClockDivider(unsigned char)          ./SPI.o
SPIClass::setDataMode(unsigned char)              ./SPI.o
SPIClass::transfer(unsigned char)                 ./w5100.o
Sd2Card::cardCommand(unsigned char, unsigned long) ./Sd2Card.o
Sd2Card::cardSize()                               ./Sd2Card.o
Sd2Card::chipSelectHigh()                         ./Sd2Card.o
Sd2Card::chipSelectLow()                          ./Sd2Card.o
Sd2Card::erase(unsigned long, unsigned long)      ./Sd2Card.o
Sd2Card::eraseSingleBlockEnable()                 ./Sd2Card.o
Sd2Card::init(unsigned char, unsigned char)       ./Sd2Card.o
                                                  ./SD.o
Sd2Card::partialBlockRead(unsigned char)          ./Sd2Card.o
Sd2Card::readBlock(unsigned long, unsigned char*) ./Sd2Card.o
                                                  ./SdVolume.o
Sd2Card::readData(unsigned long, unsigned int, unsigned int, unsigned char*) ./Sd2Card.o
                                                  ./SdFile.o
Sd2Card::readEnd()                                ./Sd2Card.o
Sd2Card::readRegister(unsigned char, void*)       ./Sd2Card.o
Sd2Card::setSckRate(unsigned char)                ./Sd2Card.o
Sd2Card::waitNotBusy(unsigned int)                ./Sd2Card.o
Sd2Card::waitStartBlock()                         ./Sd2Card.o
Sd2Card::writeBlock(unsigned long, unsigned char const*) ./Sd2Card.o
                                                  ./SdVolume.o
                                                  ./SdFile.o
Sd2Card::writeData(unsigned char const*)          ./Sd2Card.o
Sd2Card::writeData(unsigned char, unsigned char const*) ./Sd2Card.o
Sd2Card::writeStart(unsigned long, unsigned long) ./Sd2Card.o
Sd2Card::writeStop()                              ./Sd2Card.o
SdFile::SdFile(SdFile const&)                     ./SD.o
SdFile::SdFile(SdFile const&)                     ./SD.o
SdFile::addCluster()                              ./SdFile.o
SdFile::addDirCluster()                           ./SdFile.o
SdFile::cacheDirEntry(unsigned char)              ./SdFile.o
SdFile::close()                                   ./SdFile.o
                                                  ./SD.o
                                                  ./File.o
SdFile::contiguousRange(unsigned long*, unsigned long*) ./SdFile.o
SdFile::createContiguous(SdFile*, char const*, unsigned long) ./SdFile.o
SdFile::dateTime_                                 ./SdFile.o
SdFile::dirEntry(directoryEntry*)                 ./SdFile.o
SdFile::dirName(directoryEntry const&, char*)     ./SdFile.o
                                                  ./SD.o
SdFile::ls(unsigned char, unsigned char)          ./SdFile.o
SdFile::make83Name(char const*, unsigned char*)   ./SdFile.o
SdFile::makeDir(SdFile*, char const*)             ./SdFile.o
                                                  ./SD.o
SdFile::oldDateTime_                              ./SdFile.o
SdFile::open(SdFile*, char const*, unsigned char) ./SdFile.o
                                                  ./SD.o
SdFile::open(SdFile*, unsigned int, unsigned char) ./SdFile.o
SdFile::openCachedEntry(unsigned char, unsigned char) ./SdFile.o
SdFile::openRoot(SdVolume*)                       ./SdFile.o
                                                  ./SD.o
SdFile::printDirName(directoryEntry const&, unsigned char) ./SdFile.o
SdFile::printFatDate(unsigned int)                ./SdFile.o
SdFile::printFatTime(unsigned int)                ./SdFile.o
SdFile::printTwoDigits(unsigned char)             ./SdFile.o
SdFile::read()                                    ./File.o
SdFile::read(void*, unsigned int)                 ./SdFile.o
                                                  ./File.o
SdFile::readDir(directoryEntry*)                  ./SdFile.o
                                                  ./SD.o
SdFile::readDirCache()                            ./SdFile.o
SdFile::remove()                                  ./SdFile.o
SdFile::remove(SdFile*, char const*)              ./SdFile.o
                                                  ./SD.o
SdFile::rmDir()                                   ./SdFile.o
                                                  ./SD.o
SdFile::rmRfStar()                                ./SdFile.o
SdFile::seekSet(unsigned long)                    ./SdFile.o
                                                  ./SD.o
                                                  ./File.o
SdFile::sync()                                    ./SdFile.o
                                                  ./File.o
SdFile::timestamp(unsigned char, unsigned int, unsigned char, unsigned char, unsigned char, unsigned char, unsigned char) ./SdFile.o
SdFile::truncate(unsigned long)                   ./SdFile.o
SdFile::write(char const*)                        ./SdFile.o
SdFile::write(unsigned char)                      ./SdFile.o
SdFile::write(void const*, unsigned int)          ./SdFile.o
                                                  ./File.o
SdFile::write_P(char const*)                      ./SdFile.o
SdFile::writeln_P(char const*)                    ./SdFile.o
SdVolume::allocContiguous(unsigned long, unsigned long*) ./SdVolume.o
                                                  ./SdFile.o
SdVolume::cacheBlockNumber_                       ./SdVolume.o
                                                  ./SdFile.o
SdVolume::cacheBuffer_                            ./SdVolume.o
                                                  ./SdFile.o
SdVolume::cacheDirty_                             ./SdVolume.o
                                                  ./SdFile.o
SdVolume::cacheFlush()                            ./SdVolume.o
                                                  ./SdFile.o
SdVolume::cacheMirrorBlock_                       ./SdVolume.o
SdVolume::cacheRawBlock(unsigned long, unsigned char) ./SdVolume.o
                                                  ./SdFile.o
SdVolume::cacheZeroBlock(unsigned long)           ./SdVolume.o
                                                  ./SdFile.o
SdVolume::chainSize(unsigned long, unsigned long*) const ./SdVolume.o
                                                  ./SdFile.o
SdVolume::fatGet(unsigned long, unsigned long*) const ./SdVolume.o
                                                  ./SdFile.o
SdVolume::fatPut(unsigned long, unsigned long)    ./SdVolume.o
                                                  ./SdFile.o
SdVolume::freeChain(unsigned long)                ./SdVolume.o
                                                  ./SdFile.o
SdVolume::init(Sd2Card*, unsigned char)           ./SdVolume.o
                                                  ./SD.o
SdVolume::sdCard_                                 ./SdVolume.o
                                                  ./SdFile.o
Serial                                            /home/victor/workspace/eclipse_arduino/arduinoCore/Release/libarduinoCore.a(HardwareSerial.o)
                                                  ./SdFile.o
SoftwareSerial::SoftwareSerial(unsigned char, unsigned char, bool) ./SoftwareSerial.o
SoftwareSerial::SoftwareSerial(unsigned char, unsigned char, bool) ./SoftwareSerial.o
SoftwareSerial::_receive_buffer                   ./SoftwareSerial.o
SoftwareSerial::_receive_buffer_head              ./SoftwareSerial.o
SoftwareSerial::_receive_buffer_tail              ./SoftwareSerial.o
SoftwareSerial::active_object                     ./SoftwareSerial.o
SoftwareSerial::available()                       ./SoftwareSerial.o
SoftwareSerial::begin(long)                       ./SoftwareSerial.o
SoftwareSerial::end()                             ./SoftwareSerial.o
SoftwareSerial::flush()                           ./SoftwareSerial.o
SoftwareSerial::handle_interrupt()                ./SoftwareSerial.o
SoftwareSerial::listen()                          ./SoftwareSerial.o
SoftwareSerial::peek()                            ./SoftwareSerial.o
SoftwareSerial::read()                            ./SoftwareSerial.o
SoftwareSerial::recv()                            ./SoftwareSerial.o
SoftwareSerial::rx_pin_read()                     ./SoftwareSerial.o
SoftwareSerial::setRX(unsigned char)              ./SoftwareSerial.o
SoftwareSerial::setTX(unsigned char)              ./SoftwareSerial.o
SoftwareSerial::tunedDelay(unsigned int)          ./SoftwareSerial.o
SoftwareSerial::tx_pin_write(unsigned char)       ./SoftwareSerial.o
SoftwareSerial::write(unsigned char)              ./SoftwareSerial.o
SoftwareSerial::~SoftwareSerial()                 ./SoftwareSerial.o
SoftwareSerial::~SoftwareSerial()                 ./SoftwareSerial.o
String::String(String const&)                     /home/victor/workspace/eclipse_arduino/arduinoCore/Release/libarduinoCore.a(WString.o)
String::String(String const&)                     /home/victor/workspace/eclipse_arduino/arduinoCore/Release/libarduinoCore.a(WString.o)
String::String(char const*)                       /home/victor/workspace/eclipse_arduino/arduinoCore/Release/libarduinoCore.a(WString.o)
String::String(char const*)                       /home/victor/workspace/eclipse_arduino/arduinoCore/Release/libarduinoCore.a(WString.o)
String::String(char)                              /home/victor/workspace/eclipse_arduino/arduinoCore/Release/libarduinoCore.a(WString.o)
String::String(char)                              /home/victor/workspace/eclipse_arduino/arduinoCore/Release/libarduinoCore.a(WString.o)
String::String(int, unsigned char)                /home/victor/workspace/eclipse_arduino/arduinoCore/Release/libarduinoCore.a(WString.o)
String::String(int, unsigned char)                /home/victor/workspace/eclipse_arduino/arduinoCore/Release/libarduinoCore.a(WString.o)
String::String(long, unsigned char)               /home/victor/workspace/eclipse_arduino/arduinoCore/Release/libarduinoCore.a(WString.o)
String::String(long, unsigned char)               /home/victor/workspace/eclipse_arduino/arduinoCore/Release/libarduinoCore.a(WString.o)
String::String(unsigned char, unsigned char)      /home/victor/workspace/eclipse_arduino/arduinoCore/Release/libarduinoCore.a(WString.o)
String::String(unsigned char, unsigned char)      /home/victor/workspace/eclipse_arduino/arduinoCore/Release/libarduinoCore.a(WString.o)
String::String(unsigned int, unsigned char)       /home/victor/workspace/eclipse_arduino/arduinoCore/Release/libarduinoCore.a(WString.o)
String::String(unsigned int, unsigned char)       /home/victor/workspace/eclipse_arduino/arduinoCore/Release/libarduinoCore.a(WString.o)
String::String(unsigned long, unsigned char)      /home/victor/workspace/eclipse_arduino/arduinoCore/Release/libarduinoCore.a(WString.o)
String::String(unsigned long, unsigned char)      /home/victor/workspace/eclipse_arduino/arduinoCore/Release/libarduinoCore.a(WString.o)
String::changeBuffer(unsigned int)                /home/victor/workspace/eclipse_arduino/arduinoCore/Release/libarduinoCore.a(WString.o)
String::charAt(unsigned int) const                /home/victor/workspace/eclipse_arduino/arduinoCore/Release/libarduinoCore.a(WString.o)
String::compareTo(String const&) const            /home/victor/workspace/eclipse_arduino/arduinoCore/Release/libarduinoCore.a(WString.o)
String::concat(String const&)                     /home/victor/workspace/eclipse_arduino/arduinoCore/Release/libarduinoCore.a(WString.o)
String::concat(char const*)                       /home/victor/workspace/eclipse_arduino/arduinoCore/Release/libarduinoCore.a(WString.o)
String::concat(char const*, unsigned int)         /home/victor/workspace/eclipse_arduino/arduinoCore/Release/libarduinoCore.a(WString.o)
String::concat(char)                              /home/victor/workspace/eclipse_arduino/arduinoCore/Release/libarduinoCore.a(WString.o)
String::concat(int)                               /home/victor/workspace/eclipse_arduino/arduinoCore/Release/libarduinoCore.a(WString.o)
String::concat(long)                              /home/victor/workspace/eclipse_arduino/arduinoCore/Release/libarduinoCore.a(WString.o)
String::concat(unsigned char)                     /home/victor/workspace/eclipse_arduino/arduinoCore/Release/libarduinoCore.a(WString.o)
String::concat(unsigned int)                      /home/victor/workspace/eclipse_arduino/arduinoCore/Release/libarduinoCore.a(WString.o)
String::concat(unsigned long)                     /home/victor/workspace/eclipse_arduino/arduinoCore/Release/libarduinoCore.a(WString.o)
String::copy(char const*, unsigned int)           /home/victor/workspace/eclipse_arduino/arduinoCore/Release/libarduinoCore.a(WString.o)
String::endsWith(String const&) const             /home/victor/workspace/eclipse_arduino/arduinoCore/Release/libarduinoCore.a(WString.o)
String::equals(String const&) const               /home/victor/workspace/eclipse_arduino/arduinoCore/Release/libarduinoCore.a(WString.o)
String::equals(char const*) const                 /home/victor/workspace/eclipse_arduino/arduinoCore/Release/libarduinoCore.a(WString.o)
String::equalsIgnoreCase(String const&) const     /home/victor/workspace/eclipse_arduino/arduinoCore/Release/libarduinoCore.a(WString.o)
String::getBytes(unsigned char*, unsigned int, unsigned int) const /home/victor/workspace/eclipse_arduino/arduinoCore/Release/libarduinoCore.a(WString.o)
String::indexOf(String const&) const              /home/victor/workspace/eclipse_arduino/arduinoCore/Release/libarduinoCore.a(WString.o)
String::indexOf(String const&, unsigned int) const /home/victor/workspace/eclipse_arduino/arduinoCore/Release/libarduinoCore.a(WString.o)
String::indexOf(char) const                       /home/victor/workspace/eclipse_arduino/arduinoCore/Release/libarduinoCore.a(WString.o)
String::indexOf(char, unsigned int) const         /home/victor/workspace/eclipse_arduino/arduinoCore/Release/libarduinoCore.a(WString.o)
String::invalidate()                              /home/victor/workspace/eclipse_arduino/arduinoCore/Release/libarduinoCore.a(WString.o)
String::lastIndexOf(String const&) const          /home/victor/workspace/eclipse_arduino/arduinoCore/Release/libarduinoCore.a(WString.o)
String::lastIndexOf(String const&, unsigned int) const /home/victor/workspace/eclipse_arduino/arduinoCore/Release/libarduinoCore.a(WString.o)
String::lastIndexOf(char) const                   /home/victor/workspace/eclipse_arduino/arduinoCore/Release/libarduinoCore.a(WString.o)
String::lastIndexOf(char, unsigned int) const     /home/victor/workspace/eclipse_arduino/arduinoCore/Release/libarduinoCore.a(WString.o)
String::operator<(String const&) const            /home/victor/workspace/eclipse_arduino/arduinoCore/Release/libarduinoCore.a(WString.o)
String::operator<=(String const&) const           /home/victor/workspace/eclipse_arduino/arduinoCore/Release/libarduinoCore.a(WString.o)
String::operator=(String const&)                  /home/victor/workspace/eclipse_arduino/arduinoCore/Release/libarduinoCore.a(WString.o)
String::operator=(char const*)                    /home/victor/workspace/eclipse_arduino/arduinoCore/Release/libarduinoCore.a(WString.o)
String::operator>(String const&) const            /home/victor/workspace/eclipse_arduino/arduinoCore/Release/libarduinoCore.a(WString.o)
String::operator>=(String const&) const           /home/victor/workspace/eclipse_arduino/arduinoCore/Release/libarduinoCore.a(WString.o)
String::operator[](unsigned int)                  /home/victor/workspace/eclipse_arduino/arduinoCore/Release/libarduinoCore.a(WString.o)
String::operator[](unsigned int) const            /home/victor/workspace/eclipse_arduino/arduinoCore/Release/libarduinoCore.a(WString.o)
                                                  /home/victor/workspace/eclipse_arduino/arduinoCore/Release/libarduinoCore.a(Print.o)
String::replace(String const&, String const&)     /home/victor/workspace/eclipse_arduino/arduinoCore/Release/libarduinoCore.a(WString.o)
String::replace(char, char)                       /home/victor/workspace/eclipse_arduino/arduinoCore/Release/libarduinoCore.a(WString.o)
String::reserve(unsigned int)                     /home/victor/workspace/eclipse_arduino/arduinoCore/Release/libarduinoCore.a(WString.o)
String::setCharAt(unsigned int, char)             /home/victor/workspace/eclipse_arduino/arduinoCore/Release/libarduinoCore.a(WString.o)
String::startsWith(String const&) const           /home/victor/workspace/eclipse_arduino/arduinoCore/Release/libarduinoCore.a(WString.o)
String::startsWith(String const&, unsigned int) const /home/victor/workspace/eclipse_arduino/arduinoCore/Release/libarduinoCore.a(WString.o)
String::substring(unsigned int) const             /home/victor/workspace/eclipse_arduino/arduinoCore/Release/libarduinoCore.a(WString.o)
String::substring(unsigned int, unsigned int) const /home/victor/workspace/eclipse_arduino/arduinoCore/Release/libarduinoCore.a(WString.o)
String::toInt() const                             /home/victor/workspace/eclipse_arduino/arduinoCore/Release/libarduinoCore.a(WString.o)
String::toLowerCase()                             /home/victor/workspace/eclipse_arduino/arduinoCore/Release/libarduinoCore.a(WString.o)
String::toUpperCase()                             /home/victor/workspace/eclipse_arduino/arduinoCore/Release/libarduinoCore.a(WString.o)
String::trim()                                    /home/victor/workspace/eclipse_arduino/arduinoCore/Release/libarduinoCore.a(WString.o)
String::~String()                                 /home/victor/workspace/eclipse_arduino/arduinoCore/Release/libarduinoCore.a(WString.o)
String::~String()                                 /home/victor/workspace/eclipse_arduino/arduinoCore/Release/libarduinoCore.a(WString.o)
TinyGPS::GPS_INVALID_F_ALTITUDE                   ./TinyGPS.o
TinyGPS::GPS_INVALID_F_ANGLE                      ./TinyGPS.o
TinyGPS::GPS_INVALID_F_SPEED                      ./TinyGPS.o
TinyGPS::TinyGPS()                                ./TinyGPS.o
TinyGPS::TinyGPS()                                ./TinyGPS.o
TinyGPS::cardinal(float)                          ./TinyGPS.o
TinyGPS::course_to(float, float, float, float)    ./TinyGPS.o
TinyGPS::crack_datetime(int*, unsigned char*, unsigned char*, unsigned char*, unsigned char*, unsigned char*, unsigned char*, unsigned long*) ./TinyGPS.o
TinyGPS::distance_between(float, float, float, float) ./TinyGPS.o
TinyGPS::encode(char)                             ./TinyGPS.o
TinyGPS::f_altitude()                             ./TinyGPS.o
TinyGPS::f_course()                               ./TinyGPS.o
TinyGPS::f_get_position(float*, float*, unsigned long*) ./TinyGPS.o
TinyGPS::f_speed_kmph()                           ./TinyGPS.o
TinyGPS::f_speed_knots()                          ./TinyGPS.o
TinyGPS::f_speed_mph()                            ./TinyGPS.o
TinyGPS::f_speed_mps()                            ./TinyGPS.o
TinyGPS::from_hex(char)                           ./TinyGPS.o
TinyGPS::get_datetime(unsigned long*, unsigned long*, unsigned long*) ./TinyGPS.o
TinyGPS::get_position(long*, long*, unsigned long*) ./TinyGPS.o
TinyGPS::gpsatol(char const*)                     ./TinyGPS.o
TinyGPS::gpsstrcmp(char const*, char const*)      ./TinyGPS.o
TinyGPS::parse_decimal()                          ./TinyGPS.o
TinyGPS::parse_degrees()                          ./TinyGPS.o
TinyGPS::stats(unsigned long*, unsigned short*, unsigned short*) ./TinyGPS.o
TinyGPS::term_complete()                          ./TinyGPS.o
W5100                                             ./w5100.o
                                                  ./socket.o
                                                  ./EthernetUdp.o
                                                  ./EthernetClient.o
                                                  ./Ethernet.o
W5100Class::execCmdSn(unsigned char, SockCMD)     ./w5100.o
                                                  ./socket.o
W5100Class::getRXReceivedSize(unsigned char)      ./w5100.o
                                                  ./socket.o
                                                  ./EthernetUdp.o
                                                  ./EthernetClient.o
W5100Class::getTXFreeSize(unsigned char)          ./w5100.o
                                                  ./socket.o
W5100Class::init()                                ./w5100.o
                                                  ./Ethernet.o
W5100Class::read(unsigned int)                    ./w5100.o
                                                  ./socket.o
                                                  ./EthernetUdp.o
                                                  ./EthernetClient.o
W5100Class::read(unsigned int, unsigned char*, unsigned int) ./w5100.o
                                                  ./Ethernet.o
W5100Class::readSn(unsigned char, unsigned int)   ./socket.o
                                                  ./w5100.o
W5100Class::readSnIR(unsigned char)               ./socket.o
W5100Class::readSnRX_RSR(unsigned char)           ./w5100.o
W5100Class::readSnTX_FSR(unsigned char)           ./w5100.o
W5100Class::read_data(unsigned char, unsigned char volatile*, unsigned char volatile*, unsigned int) ./w5100.o
                                                  ./socket.o
W5100Class::recv_data_processing(unsigned char, unsigned char*, unsigned int, unsigned char) ./w5100.o
                                                  ./socket.o
W5100Class::resetSS()                             ./w5100.o
W5100Class::send_data_processing(unsigned char, unsigned char const*, unsigned int) ./w5100.o
                                                  ./socket.o
W5100Class::send_data_processing_offset(unsigned char, unsigned int, unsigned char const*, unsigned int) ./w5100.o
                                                  ./socket.o
W5100Class::setSS()                               ./w5100.o
W5100Class::write(unsigned int, unsigned char const*, unsigned int) ./w5100.o
                                                  ./socket.o
                                                  ./Ethernet.o
W5100Class::write(unsigned int, unsigned char)    ./w5100.o
                                                  ./socket.o
W5100Class::writeGAR(unsigned char*)              ./Ethernet.o
W5100Class::writeSIPR(unsigned char*)             ./Ethernet.o
W5100Class::writeSUBR(unsigned char*)             ./Ethernet.o
W5100Class::writeSn(unsigned char, unsigned int, unsigned char) ./socket.o
                                                  ./w5100.o
W5100Class::writeSnDIPR(unsigned char, unsigned char*) ./socket.o
W5100Class::writeSnDPORT(unsigned char, unsigned int) ./socket.o
W5100Class::writeSnIR(unsigned char, unsigned char) ./socket.o
W5100Class::writeSnPORT(unsigned char, unsigned int) ./socket.o
W5100Class::writeSnRX_RD(unsigned char, unsigned int) ./socket.o
__addsf3                                          /usr/lib/gcc/avr/4.7.2/avr5/libgcc.a(_addsub_sf.o)
                                                  /usr/lib/gcc/avr/4.7.2/../../../avr/lib/avr5/libm.a(atan2.o)
                                                  /home/victor/workspace/eclipse_arduino/arduinoCore/Release/libarduinoCore.a(Print.o)
                                                  ./TinyGPS.o
__addsf3x                                         /usr/lib/gcc/avr/4.7.2/../../../avr/lib/avr5/libm.a(addsf3x.o)
                                                  /usr/lib/gcc/avr/4.7.2/../../../avr/lib/avr5/libm.a(fp_sinus.o)
                                                  /usr/lib/gcc/avr/4.7.2/../../../avr/lib/avr5/libm.a(fp_powser.o)
                                                  /usr/lib/gcc/avr/4.7.2/../../../avr/lib/avr5/libm.a(atan.o)
__bad_interrupt                                   /usr/lib/gcc/avr/4.7.2/../../../avr/lib/avr5/crtm328p.o
__brkval                                          /home/victor/workspace/eclipse_arduino/arduinoCore/Release/libarduinoCore.a(realloc.o)
                                                  /home/victor/workspace/eclipse_arduino/arduinoCore/Release/libarduinoCore.a(malloc.o)
__bss_end                                         /usr/lib/gcc/avr/4.7.2/avr5/libgcc.a(_clear_bss.o)
__bss_start                                       /usr/lib/gcc/avr/4.7.2/avr5/libgcc.a(_clear_bss.o)
__bswapsi2                                        /usr/lib/gcc/avr/4.7.2/avr5/libgcc.a(_bswapsi2.o)
                                                  ./Dhcp.o
__clzhi2                                          /usr/lib/gcc/avr/4.7.2/avr5/libgcc.a(_clzhi2.o)
                                                  /usr/lib/gcc/avr/4.7.2/avr5/libgcc.a(_clzsi2.o)
__clzsi2                                          /usr/lib/gcc/avr/4.7.2/avr5/libgcc.a(_clzsi2.o)
                                                  /usr/lib/gcc/avr/4.7.2/avr5/libgcc.a(_usi_to_sf.o)
                                                  /usr/lib/gcc/avr/4.7.2/avr5/libgcc.a(_si_to_sf.o)
__ctors_end                                       /usr/lib/gcc/avr/4.7.2/avr5/libgcc.a(_ctors.o)
__ctors_start                                     /usr/lib/gcc/avr/4.7.2/avr5/libgcc.a(_ctors.o)
__ctype_isfalse                                   /usr/lib/gcc/avr/4.7.2/../../../avr/lib/avr5/libc.a(cty_isfalse.o)
                                                  /usr/lib/gcc/avr/4.7.2/../../../avr/lib/avr5/libc.a(isspace.o)
__ctype_istrue                                    /usr/lib/gcc/avr/4.7.2/../../../avr/lib/avr5/libc.a(cty_isfalse.o)
__cxa_guard_abort                                 /home/victor/workspace/eclipse_arduino/arduinoCore/Release/libarduinoCore.a(new.o)
__cxa_guard_acquire                               /home/victor/workspace/eclipse_arduino/arduinoCore/Release/libarduinoCore.a(new.o)
                                                  ./Ethernet.o
__cxa_guard_release                               /home/victor/workspace/eclipse_arduino/arduinoCore/Release/libarduinoCore.a(new.o)
                                                  ./Ethernet.o
__cxa_pure_virtual                                /home/victor/workspace/eclipse_arduino/arduinoCore/Release/libarduinoCore.a(new.o)
                                                  /home/victor/workspace/eclipse_arduino/arduinoCore/Release/libarduinoCore.a(Print.o)
                                                  /home/victor/workspace/eclipse_arduino/arduinoCore/Release/libarduinoCore.a(IPAddress.o)
                                                  /home/victor/workspace/eclipse_arduino/arduinoCore/Release/libarduinoCore.a(HardwareSerial.o)
                                                  ./SoftwareSerial.o
                                                  ./File.o
                                                  ./EthernetUdp.o
                                                  ./EthernetServer.o
                                                  ./EthernetClient.o
                                                  ./Ethernet.o
__data_end                                        /usr/lib/gcc/avr/4.7.2/avr5/libgcc.a(_copy_data.o)
__data_load_start                                 /usr/lib/gcc/avr/4.7.2/avr5/libgcc.a(_copy_data.o)
__data_start                                      /usr/lib/gcc/avr/4.7.2/avr5/libgcc.a(_copy_data.o)
__divmodhi4                                       /usr/lib/gcc/avr/4.7.2/avr5/libgcc.a(_divmodhi4.o)
                                                  ./TinyGPS.o
                                                  ./SoftwareSerial.o
__divmodsi4                                       /usr/lib/gcc/avr/4.7.2/avr5/libgcc.a(_divmodsi4.o)
                                                  /usr/lib/gcc/avr/4.7.2/../../../avr/lib/avr5/libc.a(random.o)
                                                  /home/victor/workspace/eclipse_arduino/arduinoCore/Release/libarduinoCore.a(WMath.o)
                                                  ./Dhcp.o
__divsf3                                          /usr/lib/gcc/avr/4.7.2/avr5/libgcc.a(_div_sf.o)
                                                  /usr/lib/gcc/avr/4.7.2/../../../avr/lib/avr5/libm.a(inverse.o)
                                                  /home/victor/workspace/eclipse_arduino/arduinoCore/Release/libarduinoCore.a(Print.o)
                                                  ./TinyGPS.o
__divsf3_pse                                      /usr/lib/gcc/avr/4.7.2/../../../avr/lib/avr5/libm.a(divsf3x.o)
                                                  /usr/lib/gcc/avr/4.7.2/../../../avr/lib/avr5/libm.a(atan2.o)
__divsf3x                                         /usr/lib/gcc/avr/4.7.2/../../../avr/lib/avr5/libm.a(divsf3x.o)
__do_clear_bss                                    /usr/lib/gcc/avr/4.7.2/avr5/libgcc.a(_clear_bss.o)
                                                  /home/victor/workspace/eclipse_arduino/arduinoCore/Release/libarduinoCore.a(wiring.o)
                                                  /home/victor/workspace/eclipse_arduino/arduinoCore/Release/libarduinoCore.a(WString.o)
                                                  /home/victor/workspace/eclipse_arduino/arduinoCore/Release/libarduinoCore.a(IPAddress.o)
                                                  /home/victor/workspace/eclipse_arduino/arduinoCore/Release/libarduinoCore.a(HardwareSerial.o)
                                                  /home/victor/workspace/eclipse_arduino/arduinoCore/Release/libarduinoCore.a(malloc.o)
                                                  ./w5100.o
                                                  ./socket.o
                                                  ./main.o
                                                  ./SoftwareSerial.o
                                                  ./SdVolume.o
                                                  ./SdFile.o
                                                  ./SPI.o
                                                  ./SD.o
                                                  ./EthernetUdp.o
                                                  ./EthernetServer.o
                                                  ./EthernetClient.o
                                                  ./Ethernet.o
                                                  ./Dns.o
                                                  ./Dhcp.o
__do_copy_data                                    /usr/lib/gcc/avr/4.7.2/avr5/libgcc.a(_copy_data.o)
                                                  /usr/lib/gcc/avr/4.7.2/../../../avr/lib/avr5/libc.a(random.o)
                                                  /usr/lib/gcc/avr/4.7.2/avr5/libgcc.a(_thenan_sf.o)
                                                  /home/victor/workspace/eclipse_arduino/arduinoCore/Release/libarduinoCore.a(WString.o)
                                                  /home/victor/workspace/eclipse_arduino/arduinoCore/Release/libarduinoCore.a(Print.o)
                                                  /home/victor/workspace/eclipse_arduino/arduinoCore/Release/libarduinoCore.a(IPAddress.o)
                                                  /home/victor/workspace/eclipse_arduino/arduinoCore/Release/libarduinoCore.a(HardwareSerial.o)
                                                  /home/victor/workspace/eclipse_arduino/arduinoCore/Release/libarduinoCore.a(malloc.o)
                                                  ./main.o
                                                  ./TinyGPS.o
                                                  ./SoftwareSerial.o
                                                  ./SdVolume.o
                                                  ./SdFile.o
                                                  ./SD.o
                                                  ./File.o
                                                  ./EthernetUdp.o
                                                  ./EthernetServer.o
                                                  ./EthernetClient.o
                                                  ./Ethernet.o
                                                  ./Dhcp.o
__do_global_ctors                                 /usr/lib/gcc/avr/4.7.2/avr5/libgcc.a(_ctors.o)
                                                  /home/victor/workspace/eclipse_arduino/arduinoCore/Release/libarduinoCore.a(IPAddress.o)
                                                  /home/victor/workspace/eclipse_arduino/arduinoCore/Release/libarduinoCore.a(HardwareSerial.o)
                                                  ./main.o
                                                  ./SD.o
                                                  ./EthernetUdp.o
                                                  ./EthernetServer.o
                                                  ./EthernetClient.o
                                                  ./Ethernet.o
                                                  ./Dns.o
                                                  ./Dhcp.o
__epilogue_restores__                             /usr/lib/gcc/avr/4.7.2/avr5/libgcc.a(_epilogue.o)
                                                  /usr/lib/gcc/avr/4.7.2/avr5/libgcc.a(_usi_to_sf.o)
                                                  /usr/lib/gcc/avr/4.7.2/avr5/libgcc.a(_sf_to_si.o)
                                                  /usr/lib/gcc/avr/4.7.2/avr5/libgcc.a(_si_to_sf.o)
                                                  /usr/lib/gcc/avr/4.7.2/avr5/libgcc.a(_unord_sf.o)
                                                  /usr/lib/gcc/avr/4.7.2/avr5/libgcc.a(_le_sf.o)
                                                  /usr/lib/gcc/avr/4.7.2/avr5/libgcc.a(_lt_sf.o)
                                                  /usr/lib/gcc/avr/4.7.2/avr5/libgcc.a(_ge_sf.o)
                                                  /usr/lib/gcc/avr/4.7.2/avr5/libgcc.a(_gt_sf.o)
                                                  /usr/lib/gcc/avr/4.7.2/avr5/libgcc.a(_eq_sf.o)
                                                  /usr/lib/gcc/avr/4.7.2/avr5/libgcc.a(_div_sf.o)
                                                  /usr/lib/gcc/avr/4.7.2/avr5/libgcc.a(_mul_sf.o)
                                                  /usr/lib/gcc/avr/4.7.2/avr5/libgcc.a(_addsub_sf.o)
__eqsf2                                           /usr/lib/gcc/avr/4.7.2/avr5/libgcc.a(_eq_sf.o)
                                                  ./TinyGPS.o
__fixsfsi                                         /usr/lib/gcc/avr/4.7.2/avr5/libgcc.a(_sf_to_si.o)
                                                  /usr/lib/gcc/avr/4.7.2/avr5/libgcc.a(_fixunssfsi.o)
                                                  /home/victor/workspace/eclipse_arduino/arduinoCore/Release/libarduinoCore.a(Print.o)
                                                  ./TinyGPS.o
__fixunssfsi                                      /usr/lib/gcc/avr/4.7.2/avr5/libgcc.a(_fixunssfsi.o)
                                                  /home/victor/workspace/eclipse_arduino/arduinoCore/Release/libarduinoCore.a(Print.o)
__floatsisf                                       /usr/lib/gcc/avr/4.7.2/avr5/libgcc.a(_si_to_sf.o)
                                                  /home/victor/workspace/eclipse_arduino/arduinoCore/Release/libarduinoCore.a(Print.o)
                                                  ./TinyGPS.o
__floatunsisf                                     /usr/lib/gcc/avr/4.7.2/avr5/libgcc.a(_usi_to_sf.o)
                                                  /home/victor/workspace/eclipse_arduino/arduinoCore/Release/libarduinoCore.a(Print.o)
                                                  ./TinyGPS.o
__flp                                             /home/victor/workspace/eclipse_arduino/arduinoCore/Release/libarduinoCore.a(realloc.o)
                                                  /home/victor/workspace/eclipse_arduino/arduinoCore/Release/libarduinoCore.a(malloc.o)
__fp_inf                                          /usr/lib/gcc/avr/4.7.2/../../../avr/lib/avr5/libm.a(fp_inf.o)
                                                  /usr/lib/gcc/avr/4.7.2/../../../avr/lib/avr5/libm.a(addsf3x.o)
                                                  /usr/lib/gcc/avr/4.7.2/../../../avr/lib/avr5/libm.a(mulsf3x.o)
                                                  /usr/lib/gcc/avr/4.7.2/../../../avr/lib/avr5/libm.a(divsf3x.o)
__fp_mpack                                        /usr/lib/gcc/avr/4.7.2/../../../avr/lib/avr5/libm.a(fp_mpack.o)
                                                  /usr/lib/gcc/avr/4.7.2/../../../avr/lib/avr5/libm.a(sqrt.o)
__fp_mpack_finite                                 /usr/lib/gcc/avr/4.7.2/../../../avr/lib/avr5/libm.a(fp_mpack.o)
                                                  /usr/lib/gcc/avr/4.7.2/../../../avr/lib/avr5/libm.a(fp_rempio2.o)
__fp_nan                                          /usr/lib/gcc/avr/4.7.2/../../../avr/lib/avr5/libm.a(fp_nan.o)
                                                  /usr/lib/gcc/avr/4.7.2/../../../avr/lib/avr5/libm.a(addsf3x.o)
                                                  /usr/lib/gcc/avr/4.7.2/../../../avr/lib/avr5/libm.a(sqrt.o)
                                                  /usr/lib/gcc/avr/4.7.2/../../../avr/lib/avr5/libm.a(mulsf3x.o)
                                                  /usr/lib/gcc/avr/4.7.2/../../../avr/lib/avr5/libm.a(fp_rempio2.o)
                                                  /usr/lib/gcc/avr/4.7.2/../../../avr/lib/avr5/libm.a(divsf3x.o)
                                                  /usr/lib/gcc/avr/4.7.2/../../../avr/lib/avr5/libm.a(atan2.o)
__fp_norm2                                        /usr/lib/gcc/avr/4.7.2/../../../avr/lib/avr5/libm.a(fp_norm2.o)
                                                  /usr/lib/gcc/avr/4.7.2/../../../avr/lib/avr5/libm.a(sqrt.o)
__fp_powser                                       /usr/lib/gcc/avr/4.7.2/../../../avr/lib/avr5/libm.a(fp_powser.o)
                                                  /usr/lib/gcc/avr/4.7.2/../../../avr/lib/avr5/libm.a(fp_powsodd.o)
                                                  /usr/lib/gcc/avr/4.7.2/../../../avr/lib/avr5/libm.a(atan.o)
__fp_powsodd                                      /usr/lib/gcc/avr/4.7.2/../../../avr/lib/avr5/libm.a(fp_powsodd.o)
                                                  /usr/lib/gcc/avr/4.7.2/../../../avr/lib/avr5/libm.a(fp_sinus.o)
__fp_pscA                                         /usr/lib/gcc/avr/4.7.2/../../../avr/lib/avr5/libm.a(fp_pscA.o)
                                                  /usr/lib/gcc/avr/4.7.2/../../../avr/lib/avr5/libm.a(addsf3x.o)
                                                  /usr/lib/gcc/avr/4.7.2/../../../avr/lib/avr5/libm.a(mulsf3x.o)
                                                  /usr/lib/gcc/avr/4.7.2/../../../avr/lib/avr5/libm.a(divsf3x.o)
                                                  /usr/lib/gcc/avr/4.7.2/../../../avr/lib/avr5/libm.a(atan2.o)
__fp_pscB                                         /usr/lib/gcc/avr/4.7.2/../../../avr/lib/avr5/libm.a(fp_pscB.o)
                                                  /usr/lib/gcc/avr/4.7.2/../../../avr/lib/avr5/libm.a(addsf3x.o)
                                                  /usr/lib/gcc/avr/4.7.2/../../../avr/lib/avr5/libm.a(mulsf3x.o)
                                                  /usr/lib/gcc/avr/4.7.2/../../../avr/lib/avr5/libm.a(divsf3x.o)
                                                  /usr/lib/gcc/avr/4.7.2/../../../avr/lib/avr5/libm.a(atan2.o)
__fp_rempio2                                      /usr/lib/gcc/avr/4.7.2/../../../avr/lib/avr5/libm.a(fp_rempio2.o)
                                                  /usr/lib/gcc/avr/4.7.2/../../../avr/lib/avr5/libm.a(sin.o)
                                                  /usr/lib/gcc/avr/4.7.2/../../../avr/lib/avr5/libm.a(cos.o)
__fp_round                                        /usr/lib/gcc/avr/4.7.2/../../../avr/lib/avr5/libm.a(fp_round.o)
                                                  /usr/lib/gcc/avr/4.7.2/../../../avr/lib/avr5/libm.a(fp_sinus.o)
                                                  /usr/lib/gcc/avr/4.7.2/../../../avr/lib/avr5/libm.a(atan.o)
                                                  /usr/lib/gcc/avr/4.7.2/../../../avr/lib/avr5/libm.a(atan2.o)
__fp_sinus                                        /usr/lib/gcc/avr/4.7.2/../../../avr/lib/avr5/libm.a(fp_sinus.o)
                                                  /usr/lib/gcc/avr/4.7.2/../../../avr/lib/avr5/libm.a(sin.o)
                                                  /usr/lib/gcc/avr/4.7.2/../../../avr/lib/avr5/libm.a(cos.o)
__fp_split3                                       /usr/lib/gcc/avr/4.7.2/../../../avr/lib/avr5/libm.a(fp_split3.o)
                                                  /usr/lib/gcc/avr/4.7.2/../../../avr/lib/avr5/libm.a(addsf3x.o)
                                                  /usr/lib/gcc/avr/4.7.2/../../../avr/lib/avr5/libm.a(mulsf3x.o)
                                                  /usr/lib/gcc/avr/4.7.2/../../../avr/lib/avr5/libm.a(divsf3x.o)
                                                  /usr/lib/gcc/avr/4.7.2/../../../avr/lib/avr5/libm.a(atan2.o)
__fp_splitA                                       /usr/lib/gcc/avr/4.7.2/../../../avr/lib/avr5/libm.a(fp_split3.o)
                                                  /usr/lib/gcc/avr/4.7.2/../../../avr/lib/avr5/libm.a(sqrt.o)
                                                  /usr/lib/gcc/avr/4.7.2/../../../avr/lib/avr5/libm.a(fp_rempio2.o)
__fp_szero                                        /usr/lib/gcc/avr/4.7.2/../../../avr/lib/avr5/libm.a(fp_zero.o)
                                                  /usr/lib/gcc/avr/4.7.2/../../../avr/lib/avr5/libm.a(mulsf3x.o)
                                                  /usr/lib/gcc/avr/4.7.2/../../../avr/lib/avr5/libm.a(divsf3x.o)
__fp_zero                                         /usr/lib/gcc/avr/4.7.2/../../../avr/lib/avr5/libm.a(fp_zero.o)
                                                  /usr/lib/gcc/avr/4.7.2/../../../avr/lib/avr5/libm.a(addsf3x.o)
                                                  /usr/lib/gcc/avr/4.7.2/../../../avr/lib/avr5/libm.a(atan2.o)
__fpcmp_parts_f                                   /usr/lib/gcc/avr/4.7.2/avr5/libgcc.a(_fpcmp_parts_sf.o)
                                                  /usr/lib/gcc/avr/4.7.2/avr5/libgcc.a(_le_sf.o)
                                                  /usr/lib/gcc/avr/4.7.2/avr5/libgcc.a(_lt_sf.o)
                                                  /usr/lib/gcc/avr/4.7.2/avr5/libgcc.a(_ge_sf.o)
                                                  /usr/lib/gcc/avr/4.7.2/avr5/libgcc.a(_gt_sf.o)
                                                  /usr/lib/gcc/avr/4.7.2/avr5/libgcc.a(_eq_sf.o)
__gesf2                                           /usr/lib/gcc/avr/4.7.2/avr5/libgcc.a(_ge_sf.o)
                                                  /usr/lib/gcc/avr/4.7.2/avr5/libgcc.a(_fixunssfsi.o)
__gtsf2                                           /usr/lib/gcc/avr/4.7.2/avr5/libgcc.a(_gt_sf.o)
                                                  /home/victor/workspace/eclipse_arduino/arduinoCore/Release/libarduinoCore.a(Print.o)
__heap_end                                        /usr/lib/gcc/avr/4.7.2/../../../avr/lib/avr5/crtm328p.o
                                                  /home/victor/workspace/eclipse_arduino/arduinoCore/Release/libarduinoCore.a(malloc.o)
__heap_start                                      /home/victor/workspace/eclipse_arduino/arduinoCore/Release/libarduinoCore.a(malloc.o)
__init                                            /usr/lib/gcc/avr/4.7.2/../../../avr/lib/avr5/crtm328p.o
__lesf2                                           /usr/lib/gcc/avr/4.7.2/avr5/libgcc.a(_le_sf.o)
                                                  /home/victor/workspace/eclipse_arduino/arduinoCore/Release/libarduinoCore.a(Print.o)
__ltsf2                                           /usr/lib/gcc/avr/4.7.2/avr5/libgcc.a(_lt_sf.o)